../Core/Src/main.c:59:6:Delay_100ms	4	static
../Core/Src/main.c:65:6:Delay_X00ms	24	static
../Core/Src/main.c:74:6:Reset_LEDs	8	static
../Core/Src/main.c:79:6:Effect1	24	static
../Core/Src/main.c:90:6:Effect2	16	static
../Core/Src/main.c:106:6:Effect	16	static
../Core/Src/main.c:117:5:main	16	static
../Core/Src/main.c:210:6:SystemClock_Config	88	static
../Core/Src/main.c:256:13:MX_TIM3_Init	32	static
../Core/Src/main.c:301:13:MX_GPIO_Init	40	static
../Core/Src/main.c:336:6:Error_Handler	4	static,ignoring_inline_asm
