../Core/Src/main.c:91:6:CRC_Init	24	static
../Core/Src/main.c:102:9:CalcCRC	24	static
../Core/Src/main.c:111:6:HAL_CAN_RxFifo0MsgPendingCallback	24	static
../Core/Src/main.c:138:6:HAL_CAN_RxFifo1MsgPendingCallback	24	static
../Core/Src/main.c:162:5:main	8	static
../Core/Src/main.c:244:6:SystemClock_Config	88	static
../Core/Src/main.c:291:13:MX_CAN1_Init	48	static
../Core/Src/main.c:343:13:MX_CAN2_Init	48	static
../Core/Src/main.c:395:13:MX_USART1_UART_Init	8	static
../Core/Src/main.c:428:13:MX_GPIO_Init	40	static
../Core/Src/main.c:456:1:__io_putchar	16	static
../Core/Src/main.c:472:6:Error_Handler	4	static,ignoring_inline_asm
