Archive member included to satisfy reference by file (symbol)

d:/learning/automotive/stm32cube/stm32cubeide_1.10.1/stm32cubeide/plugins/com.st.stm32cube.ide.mcu.externaltools.gnu-tools-for-stm32.10.3-2021.10.win32_1.0.0.202111181127/tools/bin/../lib/gcc/arm-none-eabi/10.3.1/../../../../arm-none-eabi/lib/thumb/v7e-m+fp/hard\libc_nano.a(lib_a-errno.o)
                              ./Core/Src/syscalls.o (__errno)
d:/learning/automotive/stm32cube/stm32cubeide_1.10.1/stm32cubeide/plugins/com.st.stm32cube.ide.mcu.externaltools.gnu-tools-for-stm32.10.3-2021.10.win32_1.0.0.202111181127/tools/bin/../lib/gcc/arm-none-eabi/10.3.1/../../../../arm-none-eabi/lib/thumb/v7e-m+fp/hard\libc_nano.a(lib_a-exit.o)
                              d:/learning/automotive/stm32cube/stm32cubeide_1.10.1/stm32cubeide/plugins/com.st.stm32cube.ide.mcu.externaltools.gnu-tools-for-stm32.10.3-2021.10.win32_1.0.0.202111181127/tools/bin/../lib/gcc/arm-none-eabi/10.3.1/../../../../arm-none-eabi/lib/thumb/v7e-m+fp/hard/crt0.o (exit)
d:/learning/automotive/stm32cube/stm32cubeide_1.10.1/stm32cubeide/plugins/com.st.stm32cube.ide.mcu.externaltools.gnu-tools-for-stm32.10.3-2021.10.win32_1.0.0.202111181127/tools/bin/../lib/gcc/arm-none-eabi/10.3.1/../../../../arm-none-eabi/lib/thumb/v7e-m+fp/hard\libc_nano.a(lib_a-impure.o)
                              d:/learning/automotive/stm32cube/stm32cubeide_1.10.1/stm32cubeide/plugins/com.st.stm32cube.ide.mcu.externaltools.gnu-tools-for-stm32.10.3-2021.10.win32_1.0.0.202111181127/tools/bin/../lib/gcc/arm-none-eabi/10.3.1/../../../../arm-none-eabi/lib/thumb/v7e-m+fp/hard\libc_nano.a(lib_a-exit.o) (_global_impure_ptr)
d:/learning/automotive/stm32cube/stm32cubeide_1.10.1/stm32cubeide/plugins/com.st.stm32cube.ide.mcu.externaltools.gnu-tools-for-stm32.10.3-2021.10.win32_1.0.0.202111181127/tools/bin/../lib/gcc/arm-none-eabi/10.3.1/../../../../arm-none-eabi/lib/thumb/v7e-m+fp/hard\libc_nano.a(lib_a-init.o)
                              d:/learning/automotive/stm32cube/stm32cubeide_1.10.1/stm32cubeide/plugins/com.st.stm32cube.ide.mcu.externaltools.gnu-tools-for-stm32.10.3-2021.10.win32_1.0.0.202111181127/tools/bin/../lib/gcc/arm-none-eabi/10.3.1/../../../../arm-none-eabi/lib/thumb/v7e-m+fp/hard/crt0.o (__libc_init_array)
d:/learning/automotive/stm32cube/stm32cubeide_1.10.1/stm32cubeide/plugins/com.st.stm32cube.ide.mcu.externaltools.gnu-tools-for-stm32.10.3-2021.10.win32_1.0.0.202111181127/tools/bin/../lib/gcc/arm-none-eabi/10.3.1/../../../../arm-none-eabi/lib/thumb/v7e-m+fp/hard\libc_nano.a(lib_a-memset.o)
                              d:/learning/automotive/stm32cube/stm32cubeide_1.10.1/stm32cubeide/plugins/com.st.stm32cube.ide.mcu.externaltools.gnu-tools-for-stm32.10.3-2021.10.win32_1.0.0.202111181127/tools/bin/../lib/gcc/arm-none-eabi/10.3.1/../../../../arm-none-eabi/lib/thumb/v7e-m+fp/hard/crt0.o (memset)
d:/learning/automotive/stm32cube/stm32cubeide_1.10.1/stm32cubeide/plugins/com.st.stm32cube.ide.mcu.externaltools.gnu-tools-for-stm32.10.3-2021.10.win32_1.0.0.202111181127/tools/bin/../lib/gcc/arm-none-eabi/10.3.1/../../../../arm-none-eabi/lib/thumb/v7e-m+fp/hard\libc_nano.a(lib_a-printf.o)
                              ./Core/Src/main.o (printf)
d:/learning/automotive/stm32cube/stm32cubeide_1.10.1/stm32cubeide/plugins/com.st.stm32cube.ide.mcu.externaltools.gnu-tools-for-stm32.10.3-2021.10.win32_1.0.0.202111181127/tools/bin/../lib/gcc/arm-none-eabi/10.3.1/../../../../arm-none-eabi/lib/thumb/v7e-m+fp/hard\libc_nano.a(lib_a-putchar.o)
                              ./Core/Src/main.o (putchar)
d:/learning/automotive/stm32cube/stm32cubeide_1.10.1/stm32cubeide/plugins/com.st.stm32cube.ide.mcu.externaltools.gnu-tools-for-stm32.10.3-2021.10.win32_1.0.0.202111181127/tools/bin/../lib/gcc/arm-none-eabi/10.3.1/../../../../arm-none-eabi/lib/thumb/v7e-m+fp/hard\libc_nano.a(lib_a-findfp.o)
                              d:/learning/automotive/stm32cube/stm32cubeide_1.10.1/stm32cubeide/plugins/com.st.stm32cube.ide.mcu.externaltools.gnu-tools-for-stm32.10.3-2021.10.win32_1.0.0.202111181127/tools/bin/../lib/gcc/arm-none-eabi/10.3.1/../../../../arm-none-eabi/lib/thumb/v7e-m+fp/hard\libc_nano.a(lib_a-printf.o) (__sinit)
d:/learning/automotive/stm32cube/stm32cubeide_1.10.1/stm32cubeide/plugins/com.st.stm32cube.ide.mcu.externaltools.gnu-tools-for-stm32.10.3-2021.10.win32_1.0.0.202111181127/tools/bin/../lib/gcc/arm-none-eabi/10.3.1/../../../../arm-none-eabi/lib/thumb/v7e-m+fp/hard\libc_nano.a(lib_a-fwalk.o)
                              d:/learning/automotive/stm32cube/stm32cubeide_1.10.1/stm32cubeide/plugins/com.st.stm32cube.ide.mcu.externaltools.gnu-tools-for-stm32.10.3-2021.10.win32_1.0.0.202111181127/tools/bin/../lib/gcc/arm-none-eabi/10.3.1/../../../../arm-none-eabi/lib/thumb/v7e-m+fp/hard\libc_nano.a(lib_a-findfp.o) (_fwalk)
[...]
Memory Configuration

Name             Origin             Length             Attributes
CCMRAM           0x0000000010000000 0x0000000000010000 xrw
RAM              0x0000000020000000 0x0000000000020000 xrw
FLASH            0x0000000008000000 0x0000000000100000 xr
*default*        0x0000000000000000 0xffffffffffffffff

Linker script and memory map

LOAD d:/learning/automotive/stm32cube/stm32cubeide_1.10.1/stm32cubeide/plugins/com.st.stm32cube.ide.mcu.externaltools.gnu-tools-for-stm32.10.3-2021.10.win32_1.0.0.202111181127/tools/bin/../lib/gcc/arm-none-eabi/10.3.1/thumb/v7e-m+fp/hard/crti.o
LOAD d:/learning/automotive/stm32cube/stm32cubeide_1.10.1/stm32cubeide/plugins/com.st.stm32cube.ide.mcu.externaltools.gnu-tools-for-stm32.10.3-2021.10.win32_1.0.0.202111181127/tools/bin/../lib/gcc/arm-none-eabi/10.3.1/thumb/v7e-m+fp/hard/crtbegin.o
LOAD d:/learning/automotive/stm32cube/stm32cubeide_1.10.1/stm32cubeide/plugins/com.st.stm32cube.ide.mcu.externaltools.gnu-tools-for-stm32.10.3-2021.10.win32_1.0.0.202111181127/tools/bin/../lib/gcc/arm-none-eabi/10.3.1/../../../../arm-none-eabi/lib/thumb/v7e-m+fp/hard/crt0.o
LOAD ./Core/Src/main.o
LOAD ./Core/Src/stm32f4xx_hal_msp.o
LOAD ./Core/Src/stm32f4xx_it.o
LOAD ./Core/Src/syscalls.o
LOAD ./Core/Src/sysmem.o
LOAD ./Core/Src/system_stm32f4xx.o
LOAD ./Core/Startup/startup_stm32f405rgtx.o
LOAD ./Drivers/STM32F4xx_HAL_Driver/Src/stm32f4xx_hal.o
LOAD ./Drivers/STM32F4xx_HAL_Driver/Src/stm32f4xx_hal_can.o
LOAD ./Drivers/STM32F4xx_HAL_Driver/Src/stm32f4xx_hal_cortex.o
LOAD ./Drivers/STM32F4xx_HAL_Driver/Src/stm32f4xx_hal_dma.o
LOAD ./Drivers/STM32F4xx_HAL_Driver/Src/stm32f4xx_hal_dma_ex.o
LOAD ./Drivers/STM32F4xx_HAL_Driver/Src/stm32f4xx_hal_exti.o
LOAD ./Drivers/STM32F4xx_HAL_Driver/Src/stm32f4xx_hal_flash.o
LOAD ./Drivers/STM32F4xx_HAL_Driver/Src/stm32f4xx_hal_flash_ex.o
LOAD ./Drivers/STM32F4xx_HAL_Driver/Src/stm32f4xx_hal_flash_ramfunc.o
LOAD ./Drivers/STM32F4xx_HAL_Driver/Src/stm32f4xx_hal_gpio.o
LOAD ./Drivers/STM32F4xx_HAL_Driver/Src/stm32f4xx_hal_pwr.o
LOAD ./Drivers/STM32F4xx_HAL_Driver/Src/stm32f4xx_hal_pwr_ex.o
LOAD ./Drivers/STM32F4xx_HAL_Driver/Src/stm32f4xx_hal_rcc.o
LOAD ./Drivers/STM32F4xx_HAL_Driver/Src/stm32f4xx_hal_rcc_ex.o
LOAD ./Drivers/STM32F4xx_HAL_Driver/Src/stm32f4xx_hal_uart.o
START GROUP
LOAD d:/learning/automotive/stm32cube/stm32cubeide_1.10.1/stm32cubeide/plugins/com.st.stm32cube.ide.mcu.externaltools.gnu-tools-for-stm32.10.3-2021.10.win32_1.0.0.202111181127/tools/bin/../lib/gcc/arm-none-eabi/10.3.1/../../../../arm-none-eabi/lib/thumb/v7e-m+fp/hard\libstdc++_nano.a
LOAD d:/learning/automotive/stm32cube/stm32cubeide_1.10.1/stm32cubeide/plugins/com.st.stm32cube.ide.mcu.externaltools.gnu-tools-for-stm32.10.3-2021.10.win32_1.0.0.202111181127/tools/bin/../lib/gcc/arm-none-eabi/10.3.1/../../../../arm-none-eabi/lib/thumb/v7e-m+fp/hard\libsupc++_nano.a
END GROUP
LOAD d:/learning/automotive/stm32cube/stm32cubeide_1.10.1/stm32cubeide/plugins/com.st.stm32cube.ide.mcu.externaltools.gnu-tools-for-stm32.10.3-2021.10.win32_1.0.0.202111181127/tools/bin/../lib/gcc/arm-none-eabi/10.3.1/../../../../arm-none-eabi/lib/thumb/v7e-m+fp/hard\libstdc++_nano.a
LOAD d:/learning/automotive/stm32cube/stm32cubeide_1.10.1/stm32cubeide/plugins/com.st.stm32cube.ide.mcu.externaltools.gnu-tools-for-stm32.10.3-2021.10.win32_1.0.0.202111181127/tools/bin/../lib/gcc/arm-none-eabi/10.3.1/../../../../arm-none-eabi/lib/thumb/v7e-m+fp/hard\libm.a
LOAD d:/learning/automotive/stm32cube/stm32cubeide_1.10.1/stm32cubeide/plugins/com.st.stm32cube.ide.mcu.externaltools.gnu-tools-for-stm32.10.3-2021.10.win32_1.0.0.202111181127/tools/bin/../lib/gcc/arm-none-eabi/10.3.1/../../../../arm-none-eabi/lib/thumb/v7e-m+fp/hard\libc_nano.a
START GROUP
LOAD d:/learning/automotive/stm32cube/stm32cubeide_1.10.1/stm32cubeide/plugins/com.st.stm32cube.ide.mcu.externaltools.gnu-tools-for-stm32.10.3-2021.10.win32_1.0.0.202111181127/tools/bin/../lib/gcc/arm-none-eabi/10.3.1/thumb/v7e-m+fp/hard\libgcc.a
LOAD d:/learning/automotive/stm32cube/stm32cubeide_1.10.1/stm32cubeide/plugins/com.st.stm32cube.ide.mcu.externaltools.gnu-tools-for-stm32.10.3-2021.10.win32_1.0.0.202111181127/tools/bin/../lib/gcc/arm-none-eabi/10.3.1/../../../../arm-none-eabi/lib/thumb/v7e-m+fp/hard\libc_nano.a
END GROUP
START GROUP
LOAD d:/learning/automotive/stm32cube/stm32cubeide_1.10.1/stm32cubeide/plugins/com.st.stm32cube.ide.mcu.externaltools.gnu-tools-for-stm32.10.3-2021.10.win32_1.0.0.202111181127/tools/bin/../lib/gcc/arm-none-eabi/10.3.1/thumb/v7e-m+fp/hard\libgcc.a
LOAD d:/learning/automotive/stm32cube/stm32cubeide_1.10.1/stm32cubeide/plugins/com.st.stm32cube.ide.mcu.externaltools.gnu-tools-for-stm32.10.3-2021.10.win32_1.0.0.202111181127/tools/bin/../lib/gcc/arm-none-eabi/10.3.1/../../../../arm-none-eabi/lib/thumb/v7e-m+fp/hard\libc_nano.a
LOAD d:/learning/automotive/stm32cube/stm32cubeide_1.10.1/stm32cubeide/plugins/com.st.stm32cube.ide.mcu.externaltools.gnu-tools-for-stm32.10.3-2021.10.win32_1.0.0.202111181127/tools/bin/../lib/gcc/arm-none-eabi/10.3.1/../../../../arm-none-eabi/lib/thumb/v7e-m+fp/hard\libnosys.a
END GROUP
START GROUP
LOAD d:/learning/automotive/stm32cube/stm32cubeide_1.10.1/stm32cubeide/plugins/com.st.stm32cube.ide.mcu.externaltools.gnu-tools-for-stm32.10.3-2021.10.win32_1.0.0.202111181127/tools/bin/../lib/gcc/arm-none-eabi/10.3.1/thumb/v7e-m+fp/hard\libgcc.a
LOAD d:/learning/automotive/stm32cube/stm32cubeide_1.10.1/stm32cubeide/plugins/com.st.stm32cube.ide.mcu.externaltools.gnu-tools-for-stm32.10.3-2021.10.win32_1.0.0.202111181127/tools/bin/../lib/gcc/arm-none-eabi/10.3.1/../../../../arm-none-eabi/lib/thumb/v7e-m+fp/hard\libc_nano.a
LOAD d:/learning/automotive/stm32cube/stm32cubeide_1.10.1/stm32cubeide/plugins/com.st.stm32cube.ide.mcu.externaltools.gnu-tools-for-stm32.10.3-2021.10.win32_1.0.0.202111181127/tools/bin/../lib/gcc/arm-none-eabi/10.3.1/../../../../arm-none-eabi/lib/thumb/v7e-m+fp/hard\libnosys.a
END GROUP
LOAD d:/learning/automotive/stm32cube/stm32cubeide_1.10.1/stm32cubeide/plugins/com.st.stm32cube.ide.mcu.externaltools.gnu-tools-for-stm32.10.3-2021.10.win32_1.0.0.202111181127/tools/bin/../lib/gcc/arm-none-eabi/10.3.1/thumb/v7e-m+fp/hard/crtend.o
LOAD d:/learning/automotive/stm32cube/stm32cubeide_1.10.1/stm32cubeide/plugins/com.st.stm32cube.ide.mcu.externaltools.gnu-tools-for-stm32.10.3-2021.10.win32_1.0.0.202111181127/tools/bin/../lib/gcc/arm-none-eabi/10.3.1/thumb/v7e-m+fp/hard/crtn.o
                0x0000000020020000                _estack = (ORIGIN (RAM) + LENGTH (RAM))
                0x0000000000000200                _Min_Heap_Size = 0x200
                0x0000000000000400                _Min_Stack_Size = 0x400

.isr_vector     0x0000000008000000      0x188
                0x0000000008000000                . = ALIGN (0x4)
 *(.isr_vector)
 .isr_vector    0x0000000008000000      0x188 ./Core/Startup/startup_stm32f405rgtx.o
                0x0000000008000000                g_pfnVectors
                0x0000000008000188                . = ALIGN (0x4)

.text           0x0000000008000190     0x4358
                0x0000000008000190                . = ALIGN (0x4)
 *(.text)
 .text          0x0000000008000190       0x40 d:/learning/automotive/stm32cube/stm32cubeide_1.10.1/stm32cubeide/plugins/com.st.stm32cube.ide.mcu.externaltools.gnu-tools-for-stm32.10.3-2021.10.win32_1.0.0.202111181127/tools/bin/../lib/gcc/arm-none-eabi/10.3.1/thumb/v7e-m+fp/hard/crtbegin.o
 .text          0x00000000080001d0       0xa0 d:/learning/automotive/stm32cube/stm32cubeide_1.10.1/stm32cubeide/plugins/com.st.stm32cube.ide.mcu.externaltools.gnu-tools-for-stm32.10.3-2021.10.win32_1.0.0.202111181127/tools/bin/../lib/gcc/arm-none-eabi/10.3.1/../../../../arm-none-eabi/lib/thumb/v7e-m+fp/hard\libc_nano.a(lib_a-memchr.o)
                0x00000000080001d0                memchr
 .text          0x0000000008000270       0x30 d:/learning/automotive/stm32cube/stm32cubeide_1.10.1/stm32cubeide/plugins/com.st.stm32cube.ide.mcu.externaltools.gnu-tools-for-stm32.10.3-2021.10.win32_1.0.0.202111181127/tools/bin/../lib/gcc/arm-none-eabi/10.3.1/thumb/v7e-m+fp/hard\libgcc.a(_aeabi_uldivmod.o)
                0x0000000008000270                __aeabi_uldivmod
 .text          0x00000000080002a0      0x2d0 d:/learning/automotive/stm32cube/stm32cubeide_1.10.1/stm32cubeide/plugins/com.st.stm32cube.ide.mcu.externaltools.gnu-tools-for-stm32.10.3-2021.10.win32_1.0.0.202111181127/tools/bin/../lib/gcc/arm-none-eabi/10.3.1/thumb/v7e-m+fp/hard\libgcc.a(_udivmoddi4.o)
                0x00000000080002a0                __udivmoddi4
 .text          0x0000000008000570        0x4 d:/learning/automotive/stm32cube/stm32cubeide_1.10.1/stm32cubeide/plugins/com.st.stm32cube.ide.mcu.externaltools.gnu-tools-for-stm32.10.3-2021.10.win32_1.0.0.202111181127/tools/bin/../lib/gcc/arm-none-eabi/10.3.1/thumb/v7e-m+fp/hard\libgcc.a(_dvmd_tls.o)
                0x0000000008000570                __aeabi_idiv0
                0x0000000008000570                __aeabi_ldiv0
 *(.text*)
 .text.CRC_Init
                0x0000000008000574       0x6c ./Core/Src/main.o
                0x0000000008000574                CRC_Init
 .text.CalcCRC  0x00000000080005e0       0x4c ./Core/Src/main.o
                0x00000000080005e0                CalcCRC
 .text.HAL_CAN_RxFifo0MsgPendingCallback
                0x000000000800062c       0xb8 ./Core/Src/main.o
                0x000000000800062c                HAL_CAN_RxFifo0MsgPendingCallback
 .text.HAL_CAN_RxFifo1MsgPendingCallback
                0x00000000080006e4       0x84 ./Core/Src/main.o
                0x00000000080006e4                HAL_CAN_RxFifo1MsgPendingCallback
 .text.main     0x0000000008000768      0x10c ./Core/Src/main.o
                0x0000000008000768                main
 .text.SystemClock_Config
                0x0000000008000874       0xd4 ./Core/Src/main.o
                0x0000000008000874                SystemClock_Config
 .text.MX_CAN1_Init
                0x0000000008000948       0xac ./Core/Src/main.o
 .text.MX_CAN2_Init
                0x00000000080009f4       0xac ./Core/Src/main.o
 .text.MX_USART1_UART_Init
                0x0000000008000aa0       0x54 ./Core/Src/main.o
 .text.MX_GPIO_Init
                0x0000000008000af4       0xa0 ./Core/Src/main.o
 .text.__io_putchar
                0x0000000008000b94       0x24 ./Core/Src/main.o
                0x0000000008000b94                __io_putchar
 .text.Error_Handler
                0x0000000008000bb8        0xa ./Core/Src/main.o
                0x0000000008000bb8                Error_Handler
 *fill*         0x0000000008000bc2        0x2 
 .text.HAL_MspInit
                0x0000000008000bc4       0x50 ./Core/Src/stm32f4xx_hal_msp.o
                0x0000000008000bc4                HAL_MspInit
 .text.HAL_CAN_MspInit
                0x0000000008000c14      0x160 ./Core/Src/stm32f4xx_hal_msp.o
                0x0000000008000c14                HAL_CAN_MspInit
 .text.HAL_UART_MspInit
                0x0000000008000d74       0x90 ./Core/Src/stm32f4xx_hal_msp.o
                0x0000000008000d74                HAL_UART_MspInit
 .text.NMI_Handler
                0x0000000008000e04        0x6 ./Core/Src/stm32f4xx_it.o
                0x0000000008000e04                NMI_Handler
 .text.HardFault_Handler
                0x0000000008000e0a        0x6 ./Core/Src/stm32f4xx_it.o
                0x0000000008000e0a                HardFault_Handler
 .text.MemManage_Handler
                0x0000000008000e10        0x6 ./Core/Src/stm32f4xx_it.o
                0x0000000008000e10                MemManage_Handler
 .text.BusFault_Handler
                0x0000000008000e16        0x6 ./Core/Src/stm32f4xx_it.o
                0x0000000008000e16                BusFault_Handler
 .text.UsageFault_Handler
                0x0000000008000e1c        0x6 ./Core/Src/stm32f4xx_it.o
                0x0000000008000e1c                UsageFault_Handler
 .text.SVC_Handler
                0x0000000008000e22        0xe ./Core/Src/stm32f4xx_it.o
                0x0000000008000e22                SVC_Handler
 .text.DebugMon_Handler
                0x0000000008000e30        0xe ./Core/Src/stm32f4xx_it.o
                0x0000000008000e30                DebugMon_Handler
 .text.PendSV_Handler
                0x0000000008000e3e        0xe ./Core/Src/stm32f4xx_it.o
                0x0000000008000e3e                PendSV_Handler
 .text.SysTick_Handler
                0x0000000008000e4c        0xc ./Core/Src/stm32f4xx_it.o
                0x0000000008000e4c                SysTick_Handler
 .text.CAN1_RX0_IRQHandler
                0x0000000008000e58       0x14 ./Core/Src/stm32f4xx_it.o
                0x0000000008000e58                CAN1_RX0_IRQHandler
 .text.CAN2_RX1_IRQHandler
                0x0000000008000e6c       0x14 ./Core/Src/stm32f4xx_it.o
                0x0000000008000e6c                CAN2_RX1_IRQHandler
 .text._read    0x0000000008000e80       0x3a ./Core/Src/syscalls.o
                0x0000000008000e80                _read
 .text._write   0x0000000008000eba       0x38 ./Core/Src/syscalls.o
                0x0000000008000eba                _write
 .text._close   0x0000000008000ef2       0x18 ./Core/Src/syscalls.o
                0x0000000008000ef2                _close
 .text._fstat   0x0000000008000f0a       0x20 ./Core/Src/syscalls.o
                0x0000000008000f0a                _fstat
 .text._isatty  0x0000000008000f2a       0x16 ./Core/Src/syscalls.o
                0x0000000008000f2a                _isatty
 .text._lseek   0x0000000008000f40       0x1a ./Core/Src/syscalls.o
                0x0000000008000f40                _lseek
 *fill*         0x0000000008000f5a        0x2 
 .text._sbrk    0x0000000008000f5c       0x6c ./Core/Src/sysmem.o
                0x0000000008000f5c                _sbrk
 .text.SystemInit
                0x0000000008000fc8       0x24 ./Core/Src/system_stm32f4xx.o
                0x0000000008000fc8                SystemInit
 .text.Reset_Handler
                0x0000000008000fec       0x50 ./Core/Startup/startup_stm32f405rgtx.o
                0x0000000008000fec                Reset_Handler
 .text.Default_Handler
                0x000000000800103c        0x2 ./Core/Startup/startup_stm32f405rgtx.o
                0x000000000800103c                RTC_Alarm_IRQHandler
                0x000000000800103c                HASH_RNG_IRQHandler
                0x000000000800103c                EXTI2_IRQHandler
                0x000000000800103c                TIM8_CC_IRQHandler
                0x000000000800103c                TIM1_CC_IRQHandler
                0x000000000800103c                DMA2_Stream5_IRQHandler
                0x000000000800103c                DMA1_Stream5_IRQHandler
                0x000000000800103c                PVD_IRQHandler
                0x000000000800103c                SDIO_IRQHandler
                0x000000000800103c                TAMP_STAMP_IRQHandler
                0x000000000800103c                EXTI3_IRQHandler
                0x000000000800103c                TIM8_TRG_COM_TIM14_IRQHandler
                0x000000000800103c                TIM1_UP_TIM10_IRQHandler
                0x000000000800103c                TIM8_UP_TIM13_IRQHandler
                0x000000000800103c                I2C3_ER_IRQHandler
                0x000000000800103c                EXTI0_IRQHandler
                0x000000000800103c                I2C2_EV_IRQHandler
                0x000000000800103c                DMA1_Stream2_IRQHandler
                0x000000000800103c                FPU_IRQHandler
                0x000000000800103c                OTG_HS_WKUP_IRQHandler
                0x000000000800103c                CAN2_SCE_IRQHandler
                0x000000000800103c                DMA2_Stream2_IRQHandler
                0x000000000800103c                SPI1_IRQHandler
                0x000000000800103c                TIM6_DAC_IRQHandler
                0x000000000800103c                TIM1_BRK_TIM9_IRQHandler
                0x000000000800103c                CAN2_RX0_IRQHandler
                0x000000000800103c                DMA2_Stream3_IRQHandler
                0x000000000800103c                USART6_IRQHandler
                0x000000000800103c                USART3_IRQHandler
                0x000000000800103c                CAN1_RX1_IRQHandler
                0x000000000800103c                UART5_IRQHandler
                0x000000000800103c                DMA2_Stream0_IRQHandler
                0x000000000800103c                TIM4_IRQHandler
                0x000000000800103c                I2C1_EV_IRQHandler
                0x000000000800103c                DMA1_Stream6_IRQHandler
                0x000000000800103c                DMA1_Stream1_IRQHandler
                0x000000000800103c                UART4_IRQHandler
                0x000000000800103c                TIM3_IRQHandler
                0x000000000800103c                RCC_IRQHandler
                0x000000000800103c                TIM8_BRK_TIM12_IRQHandler
                0x000000000800103c                Default_Handler
                0x000000000800103c                EXTI15_10_IRQHandler
                0x000000000800103c                ADC_IRQHandler
                0x000000000800103c                DMA1_Stream7_IRQHandler
                0x000000000800103c                TIM7_IRQHandler
                0x000000000800103c                CAN2_TX_IRQHandler
                0x000000000800103c                TIM5_IRQHandler
                0x000000000800103c                DMA2_Stream7_IRQHandler
                0x000000000800103c                I2C3_EV_IRQHandler
                0x000000000800103c                EXTI9_5_IRQHandler
                0x000000000800103c                RTC_WKUP_IRQHandler
                0x000000000800103c                SPI2_IRQHandler
                0x000000000800103c                OTG_HS_EP1_IN_IRQHandler
                0x000000000800103c                DMA1_Stream0_IRQHandler
                0x000000000800103c                CAN1_TX_IRQHandler
                0x000000000800103c                EXTI4_IRQHandler
                0x000000000800103c                FSMC_IRQHandler
                0x000000000800103c                OTG_HS_EP1_OUT_IRQHandler
                0x000000000800103c                WWDG_IRQHandler
                0x000000000800103c                TIM2_IRQHandler
                0x000000000800103c                OTG_FS_WKUP_IRQHandler
                0x000000000800103c                TIM1_TRG_COM_TIM11_IRQHandler
                0x000000000800103c                OTG_HS_IRQHandler
                0x000000000800103c                EXTI1_IRQHandler
                0x000000000800103c                USART2_IRQHandler
                0x000000000800103c                I2C2_ER_IRQHandler
                0x000000000800103c                DMA2_Stream1_IRQHandler
                0x000000000800103c                CAN1_SCE_IRQHandler
                0x000000000800103c                FLASH_IRQHandler
                0x000000000800103c                DMA2_Stream4_IRQHandler
                0x000000000800103c                USART1_IRQHandler
                0x000000000800103c                OTG_FS_IRQHandler
                0x000000000800103c                SPI3_IRQHandler
                0x000000000800103c                DMA1_Stream4_IRQHandler
                0x000000000800103c                I2C1_ER_IRQHandler
                0x000000000800103c                DMA2_Stream6_IRQHandler
                0x000000000800103c                DMA1_Stream3_IRQHandler
 *fill*         0x000000000800103e        0x2 
 .text.HAL_Init
                0x0000000008001040       0x44 ./Drivers/STM32F4xx_HAL_Driver/Src/stm32f4xx_hal.o
                0x0000000008001040                HAL_Init
 .text.HAL_InitTick
                0x0000000008001084       0x60 ./Drivers/STM32F4xx_HAL_Driver/Src/stm32f4xx_hal.o
                0x0000000008001084                HAL_InitTick
 .text.HAL_IncTick
                0x00000000080010e4       0x28 ./Drivers/STM32F4xx_HAL_Driver/Src/stm32f4xx_hal.o
                0x00000000080010e4                HAL_IncTick
 .text.HAL_GetTick
                0x000000000800110c       0x18 ./Drivers/STM32F4xx_HAL_Driver/Src/stm32f4xx_hal.o
                0x000000000800110c                HAL_GetTick
 .text.HAL_Delay
                0x0000000008001124       0x48 ./Drivers/STM32F4xx_HAL_Driver/Src/stm32f4xx_hal.o
                0x0000000008001124                HAL_Delay
 .text.HAL_CAN_Init
                0x000000000800116c      0x1f6 ./Drivers/STM32F4xx_HAL_Driver/Src/stm32f4xx_hal_can.o
                0x000000000800116c                HAL_CAN_Init
 *fill*         0x0000000008001362        0x2 
 .text.HAL_CAN_ConfigFilter
                0x0000000008001364      0x1c0 ./Drivers/STM32F4xx_HAL_Driver/Src/stm32f4xx_hal_can.o
                0x0000000008001364                HAL_CAN_ConfigFilter
 .text.HAL_CAN_Start
                0x0000000008001524       0x88 ./Drivers/STM32F4xx_HAL_Driver/Src/stm32f4xx_hal_can.o
                0x0000000008001524                HAL_CAN_Start
 .text.HAL_CAN_AddTxMessage
                0x00000000080015ac      0x1b6 ./Drivers/STM32F4xx_HAL_Driver/Src/stm32f4xx_hal_can.o
                0x00000000080015ac                HAL_CAN_AddTxMessage
 .text.HAL_CAN_GetRxMessage
                0x0000000008001762      0x224 ./Drivers/STM32F4xx_HAL_Driver/Src/stm32f4xx_hal_can.o
                0x0000000008001762                HAL_CAN_GetRxMessage
 .text.HAL_CAN_ActivateNotification
                0x0000000008001986       0x4c ./Drivers/STM32F4xx_HAL_Driver/Src/stm32f4xx_hal_can.o
                0x0000000008001986                HAL_CAN_ActivateNotification
 .text.HAL_CAN_IRQHandler
                0x00000000080019d2      0x36e ./Drivers/STM32F4xx_HAL_Driver/Src/stm32f4xx_hal_can.o
                0x00000000080019d2                HAL_CAN_IRQHandler
 .text.HAL_CAN_TxMailbox0CompleteCallback
                0x0000000008001d40       0x14 ./Drivers/STM32F4xx_HAL_Driver/Src/stm32f4xx_hal_can.o
                0x0000000008001d40                HAL_CAN_TxMailbox0CompleteCallback
 .text.HAL_CAN_TxMailbox1CompleteCallback
                0x0000000008001d54       0x14 ./Drivers/STM32F4xx_HAL_Driver/Src/stm32f4xx_hal_can.o
                0x0000000008001d54                HAL_CAN_TxMailbox1CompleteCallback
 .text.HAL_CAN_TxMailbox2CompleteCallback
                0x0000000008001d68       0x14 ./Drivers/STM32F4xx_HAL_Driver/Src/stm32f4xx_hal_can.o
                0x0000000008001d68                HAL_CAN_TxMailbox2CompleteCallback
 .text.HAL_CAN_TxMailbox0AbortCallback
                0x0000000008001d7c       0x14 ./Drivers/STM32F4xx_HAL_Driver/Src/stm32f4xx_hal_can.o
                0x0000000008001d7c                HAL_CAN_TxMailbox0AbortCallback
 .text.HAL_CAN_TxMailbox1AbortCallback
                0x0000000008001d90       0x14 ./Drivers/STM32F4xx_HAL_Driver/Src/stm32f4xx_hal_can.o
                0x0000000008001d90                HAL_CAN_TxMailbox1AbortCallback
 .text.HAL_CAN_TxMailbox2AbortCallback
                0x0000000008001da4       0x14 ./Drivers/STM32F4xx_HAL_Driver/Src/stm32f4xx_hal_can.o
                0x0000000008001da4                HAL_CAN_TxMailbox2AbortCallback
 .text.HAL_CAN_RxFifo0FullCallback
                0x0000000008001db8       0x14 ./Drivers/STM32F4xx_HAL_Driver/Src/stm32f4xx_hal_can.o
                0x0000000008001db8                HAL_CAN_RxFifo0FullCallback
 .text.HAL_CAN_RxFifo1FullCallback
                0x0000000008001dcc       0x14 ./Drivers/STM32F4xx_HAL_Driver/Src/stm32f4xx_hal_can.o
                0x0000000008001dcc                HAL_CAN_RxFifo1FullCallback
 .text.HAL_CAN_SleepCallback
                0x0000000008001de0       0x14 ./Drivers/STM32F4xx_HAL_Driver/Src/stm32f4xx_hal_can.o
                0x0000000008001de0                HAL_CAN_SleepCallback
 .text.HAL_CAN_WakeUpFromRxMsgCallback
                0x0000000008001df4       0x14 ./Drivers/STM32F4xx_HAL_Driver/Src/stm32f4xx_hal_can.o
                0x0000000008001df4                HAL_CAN_WakeUpFromRxMsgCallback
 .text.HAL_CAN_ErrorCallback
                0x0000000008001e08       0x14 ./Drivers/STM32F4xx_HAL_Driver/Src/stm32f4xx_hal_can.o
                0x0000000008001e08                HAL_CAN_ErrorCallback
 .text.__NVIC_SetPriorityGrouping
                0x0000000008001e1c       0x48 ./Drivers/STM32F4xx_HAL_Driver/Src/stm32f4xx_hal_cortex.o
 .text.__NVIC_GetPriorityGrouping
                0x0000000008001e64       0x1c ./Drivers/STM32F4xx_HAL_Driver/Src/stm32f4xx_hal_cortex.o
 .text.__NVIC_EnableIRQ
                0x0000000008001e80       0x3c ./Drivers/STM32F4xx_HAL_Driver/Src/stm32f4xx_hal_cortex.o
 .text.__NVIC_SetPriority
                0x0000000008001ebc       0x54 ./Drivers/STM32F4xx_HAL_Driver/Src/stm32f4xx_hal_cortex.o
 .text.NVIC_EncodePriority
                0x0000000008001f10       0x66 ./Drivers/STM32F4xx_HAL_Driver/Src/stm32f4xx_hal_cortex.o
 *fill*         0x0000000008001f76        0x2 
 .text.SysTick_Config
                0x0000000008001f78       0x44 ./Drivers/STM32F4xx_HAL_Driver/Src/stm32f4xx_hal_cortex.o
 .text.HAL_NVIC_SetPriorityGrouping
                0x0000000008001fbc       0x16 ./Drivers/STM32F4xx_HAL_Driver/Src/stm32f4xx_hal_cortex.o
                0x0000000008001fbc                HAL_NVIC_SetPriorityGrouping
 .text.HAL_NVIC_SetPriority
                0x0000000008001fd2       0x38 ./Drivers/STM32F4xx_HAL_Driver/Src/stm32f4xx_hal_cortex.o
                0x0000000008001fd2                HAL_NVIC_SetPriority
 .text.HAL_NVIC_EnableIRQ
                0x000000000800200a       0x1c ./Drivers/STM32F4xx_HAL_Driver/Src/stm32f4xx_hal_cortex.o
                0x000000000800200a                HAL_NVIC_EnableIRQ
 .text.HAL_SYSTICK_Config
                0x0000000008002026       0x18 ./Drivers/STM32F4xx_HAL_Driver/Src/stm32f4xx_hal_cortex.o
                0x0000000008002026                HAL_SYSTICK_Config
 *fill*         0x000000000800203e        0x2 
 .text.HAL_GPIO_Init
                0x0000000008002040      0x338 ./Drivers/STM32F4xx_HAL_Driver/Src/stm32f4xx_hal_gpio.o
                0x0000000008002040                HAL_GPIO_Init
 .text.HAL_GPIO_WritePin
                0x0000000008002378       0x32 ./Drivers/STM32F4xx_HAL_Driver/Src/stm32f4xx_hal_gpio.o
                0x0000000008002378                HAL_GPIO_WritePin
 .text.HAL_GPIO_TogglePin
                0x00000000080023aa       0x34 ./Drivers/STM32F4xx_HAL_Driver/Src/stm32f4xx_hal_gpio.o
                0x00000000080023aa                HAL_GPIO_TogglePin
 *fill*         0x00000000080023de        0x2 
 .text.HAL_RCC_OscConfig
                0x00000000080023e0      0x4f0 ./Drivers/STM32F4xx_HAL_Driver/Src/stm32f4xx_hal_rcc.o
                0x00000000080023e0                HAL_RCC_OscConfig
 .text.HAL_RCC_ClockConfig
                0x00000000080028d0      0x1cc ./Drivers/STM32F4xx_HAL_Driver/Src/stm32f4xx_hal_rcc.o
                0x00000000080028d0                HAL_RCC_ClockConfig
 .text.HAL_RCC_GetSysClockFreq
                0x0000000008002a9c      0x20c ./Drivers/STM32F4xx_HAL_Driver/Src/stm32f4xx_hal_rcc.o
                0x0000000008002a9c                HAL_RCC_GetSysClockFreq
 .text.HAL_RCC_GetHCLKFreq
                0x0000000008002ca8       0x18 ./Drivers/STM32F4xx_HAL_Driver/Src/stm32f4xx_hal_rcc.o
                0x0000000008002ca8                HAL_RCC_GetHCLKFreq
 .text.HAL_RCC_GetPCLK1Freq
                0x0000000008002cc0       0x28 ./Drivers/STM32F4xx_HAL_Driver/Src/stm32f4xx_hal_rcc.o
                0x0000000008002cc0                HAL_RCC_GetPCLK1Freq
 .text.HAL_RCC_GetPCLK2Freq
                0x0000000008002ce8       0x28 ./Drivers/STM32F4xx_HAL_Driver/Src/stm32f4xx_hal_rcc.o
                0x0000000008002ce8                HAL_RCC_GetPCLK2Freq
 .text.HAL_UART_Init
                0x0000000008002d10       0x9a ./Drivers/STM32F4xx_HAL_Driver/Src/stm32f4xx_hal_uart.o
                0x0000000008002d10                HAL_UART_Init
 .text.HAL_UART_Transmit
                0x0000000008002daa      0x124 ./Drivers/STM32F4xx_HAL_Driver/Src/stm32f4xx_hal_uart.o
                0x0000000008002daa                HAL_UART_Transmit
 .text.UART_WaitOnFlagUntilTimeout
                0x0000000008002ece       0xdc ./Drivers/STM32F4xx_HAL_Driver/Src/stm32f4xx_hal_uart.o
 *fill*         0x0000000008002faa        0x2 
 .text.UART_SetConfig
                0x0000000008002fac      0x4e8 ./Drivers/STM32F4xx_HAL_Driver/Src/stm32f4xx_hal_uart.o
 .text.__errno  0x0000000008003494        0xc d:/learning/automotive/stm32cube/stm32cubeide_1.10.1/stm32cubeide/plugins/com.st.stm32cube.ide.mcu.externaltools.gnu-tools-for-stm32.10.3-2021.10.win32_1.0.0.202111181127/tools/bin/../lib/gcc/arm-none-eabi/10.3.1/../../../../arm-none-eabi/lib/thumb/v7e-m+fp/hard\libc_nano.a(lib_a-errno.o)
                0x0000000008003494                __errno
 .text.__libc_init_array
                0x00000000080034a0       0x48 d:/learning/automotive/stm32cube/stm32cubeide_1.10.1/stm32cubeide/plugins/com.st.stm32cube.ide.mcu.externaltools.gnu-tools-for-stm32.10.3-2021.10.win32_1.0.0.202111181127/tools/bin/../lib/gcc/arm-none-eabi/10.3.1/../../../../arm-none-eabi/lib/thumb/v7e-m+fp/hard\libc_nano.a(lib_a-init.o)
                0x00000000080034a0                __libc_init_array
 .text.memset   0x00000000080034e8       0x10 d:/learning/automotive/stm32cube/stm32cubeide_1.10.1/stm32cubeide/plugins/com.st.stm32cube.ide.mcu.externaltools.gnu-tools-for-stm32.10.3-2021.10.win32_1.0.0.202111181127/tools/bin/../lib/gcc/arm-none-eabi/10.3.1/../../../../arm-none-eabi/lib/thumb/v7e-m+fp/hard\libc_nano.a(lib_a-memset.o)
                0x00000000080034e8                memset
 .text.printf   0x00000000080034f8       0x30 d:/learning/automotive/stm32cube/stm32cubeide_1.10.1/stm32cubeide/plugins/com.st.stm32cube.ide.mcu.externaltools.gnu-tools-for-stm32.10.3-2021.10.win32_1.0.0.202111181127/tools/bin/../lib/gcc/arm-none-eabi/10.3.1/../../../../arm-none-eabi/lib/thumb/v7e-m+fp/hard\libc_nano.a(lib_a-printf.o)
                0x00000000080034f8                iprintf
                0x00000000080034f8                printf
 .text.putchar  0x0000000008003528       0x2c d:/learning/automotive/stm32cube/stm32cubeide_1.10.1/stm32cubeide/plugins/com.st.stm32cube.ide.mcu.externaltools.gnu-tools-for-stm32.10.3-2021.10.win32_1.0.0.202111181127/tools/bin/../lib/gcc/arm-none-eabi/10.3.1/../../../../arm-none-eabi/lib/thumb/v7e-m+fp/hard\libc_nano.a(lib_a-putchar.o)
                0x0000000008003528                putchar
 .text.std      0x0000000008003554       0x48 d:/learning/automotive/stm32cube/stm32cubeide_1.10.1/stm32cubeide/plugins/com.st.stm32cube.ide.mcu.externaltools.gnu-tools-for-stm32.10.3-2021.10.win32_1.0.0.202111181127/tools/bin/../lib/gcc/arm-none-eabi/10.3.1/../../../../arm-none-eabi/lib/thumb/v7e-m+fp/hard\libc_nano.a(lib_a-findfp.o)
 .text._cleanup_r
                0x000000000800359c        0xc d:/learning/automotive/stm32cube/stm32cubeide_1.10.1/stm32cubeide/plugins/com.st.stm32cube.ide.mcu.externaltools.gnu-tools-for-stm32.10.3-2021.10.win32_1.0.0.202111181127/tools/bin/../lib/gcc/arm-none-eabi/10.3.1/../../../../arm-none-eabi/lib/thumb/v7e-m+fp/hard\libc_nano.a(lib_a-findfp.o)
                0x000000000800359c                _cleanup_r
 .text.__sfmoreglue
                0x00000000080035a8       0x2c d:/learning/automotive/stm32cube/stm32cubeide_1.10.1/stm32cubeide/plugins/com.st.stm32cube.ide.mcu.externaltools.gnu-tools-for-stm32.10.3-2021.10.win32_1.0.0.202111181127/tools/bin/../lib/gcc/arm-none-eabi/10.3.1/../../../../arm-none-eabi/lib/thumb/v7e-m+fp/hard\libc_nano.a(lib_a-findfp.o)
                0x00000000080035a8                __sfmoreglue
 .text.__sfp_lock_acquire
                0x00000000080035d4        0xc d:/learning/automotive/stm32cube/stm32cubeide_1.10.1/stm32cubeide/plugins/com.st.stm32cube.ide.mcu.externaltools.gnu-tools-for-stm32.10.3-2021.10.win32_1.0.0.202111181127/tools/bin/../lib/gcc/arm-none-eabi/10.3.1/../../../../arm-none-eabi/lib/thumb/v7e-m+fp/hard\libc_nano.a(lib_a-findfp.o)
                0x00000000080035d4                __sfp_lock_acquire
 .text.__sfp_lock_release
                0x00000000080035e0        0xc d:/learning/automotive/stm32cube/stm32cubeide_1.10.1/stm32cubeide/plugins/com.st.stm32cube.ide.mcu.externaltools.gnu-tools-for-stm32.10.3-2021.10.win32_1.0.0.202111181127/tools/bin/../lib/gcc/arm-none-eabi/10.3.1/../../../../arm-none-eabi/lib/thumb/v7e-m+fp/hard\libc_nano.a(lib_a-findfp.o)
                0x00000000080035e0                __sfp_lock_release
 .text.__sinit_lock_acquire
                0x00000000080035ec        0xc d:/learning/automotive/stm32cube/stm32cubeide_1.10.1/stm32cubeide/plugins/com.st.stm32cube.ide.mcu.externaltools.gnu-tools-for-stm32.10.3-2021.10.win32_1.0.0.202111181127/tools/bin/../lib/gcc/arm-none-eabi/10.3.1/../../../../arm-none-eabi/lib/thumb/v7e-m+fp/hard\libc_nano.a(lib_a-findfp.o)
                0x00000000080035ec                __sinit_lock_acquire
 .text.__sinit_lock_release
                0x00000000080035f8        0xc d:/learning/automotive/stm32cube/stm32cubeide_1.10.1/stm32cubeide/plugins/com.st.stm32cube.ide.mcu.externaltools.gnu-tools-for-stm32.10.3-2021.10.win32_1.0.0.202111181127/tools/bin/../lib/gcc/arm-none-eabi/10.3.1/../../../../arm-none-eabi/lib/thumb/v7e-m+fp/hard\libc_nano.a(lib_a-findfp.o)
                0x00000000080035f8                __sinit_lock_release
 .text.__sinit  0x0000000008003604       0x70 d:/learning/automotive/stm32cube/stm32cubeide_1.10.1/stm32cubeide/plugins/com.st.stm32cube.ide.mcu.externaltools.gnu-tools-for-stm32.10.3-2021.10.win32_1.0.0.202111181127/tools/bin/../lib/gcc/arm-none-eabi/10.3.1/../../../../arm-none-eabi/lib/thumb/v7e-m+fp/hard\libc_nano.a(lib_a-findfp.o)
                0x0000000008003604                __sinit
 .text.__sfp    0x0000000008003674       0x8c d:/learning/automotive/stm32cube/stm32cubeide_1.10.1/stm32cubeide/plugins/com.st.stm32cube.ide.mcu.externaltools.gnu-tools-for-stm32.10.3-2021.10.win32_1.0.0.202111181127/tools/bin/../lib/gcc/arm-none-eabi/10.3.1/../../../../arm-none-eabi/lib/thumb/v7e-m+fp/hard\libc_nano.a(lib_a-findfp.o)
                0x0000000008003674                __sfp
 .text._fwalk_reent
                0x0000000008003700       0x3e d:/learning/automotive/stm32cube/stm32cubeide_1.10.1/stm32cubeide/plugins/com.st.stm32cube.ide.mcu.externaltools.gnu-tools-for-stm32.10.3-2021.10.win32_1.0.0.202111181127/tools/bin/../lib/gcc/arm-none-eabi/10.3.1/../../../../arm-none-eabi/lib/thumb/v7e-m+fp/hard\libc_nano.a(lib_a-fwalk.o)
                0x0000000008003700                _fwalk_reent
 .text.__retarget_lock_init_recursive
                0x000000000800373e        0x2 d:/learning/automotive/stm32cube/stm32cubeide_1.10.1/stm32cubeide/plugins/com.st.stm32cube.ide.mcu.externaltools.gnu-tools-for-stm32.10.3-2021.10.win32_1.0.0.202111181127/tools/bin/../lib/gcc/arm-none-eabi/10.3.1/../../../../arm-none-eabi/lib/thumb/v7e-m+fp/hard\libc_nano.a(lib_a-lock.o)
                0x000000000800373e                __retarget_lock_init_recursive
 .text.__retarget_lock_acquire_recursive
                0x0000000008003740        0x2 d:/learning/automotive/stm32cube/stm32cubeide_1.10.1/stm32cubeide/plugins/com.st.stm32cube.ide.mcu.externaltools.gnu-tools-for-stm32.10.3-2021.10.win32_1.0.0.202111181127/tools/bin/../lib/gcc/arm-none-eabi/10.3.1/../../../../arm-none-eabi/lib/thumb/v7e-m+fp/hard\libc_nano.a(lib_a-lock.o)
                0x0000000008003740                __retarget_lock_acquire_recursive
 .text.__retarget_lock_release_recursive
                0x0000000008003742        0x2 d:/learning/automotive/stm32cube/stm32cubeide_1.10.1/stm32cubeide/plugins/com.st.stm32cube.ide.mcu.externaltools.gnu-tools-for-stm32.10.3-2021.10.win32_1.0.0.202111181127/tools/bin/../lib/gcc/arm-none-eabi/10.3.1/../../../../arm-none-eabi/lib/thumb/v7e-m+fp/hard\libc_nano.a(lib_a-lock.o)
                0x0000000008003742                __retarget_lock_release_recursive
 .text.sbrk_aligned
                0x0000000008003744       0x40 d:/learning/automotive/stm32cube/stm32cubeide_1.10.1/stm32cubeide/plugins/com.st.stm32cube.ide.mcu.externaltools.gnu-tools-for-stm32.10.3-2021.10.win32_1.0.0.202111181127/tools/bin/../lib/gcc/arm-none-eabi/10.3.1/../../../../arm-none-eabi/lib/thumb/v7e-m+fp/hard\libc_nano.a(lib_a-nano-mallocr.o)
 .text._malloc_r
                0x0000000008003784       0xe8 d:/learning/automotive/stm32cube/stm32cubeide_1.10.1/stm32cubeide/plugins/com.st.stm32cube.ide.mcu.externaltools.gnu-tools-for-stm32.10.3-2021.10.win32_1.0.0.202111181127/tools/bin/../lib/gcc/arm-none-eabi/10.3.1/../../../../arm-none-eabi/lib/thumb/v7e-m+fp/hard\libc_nano.a(lib_a-nano-mallocr.o)
                0x0000000008003784                _malloc_r
 .text.__sfputc_r
                0x000000000800386c       0x2e d:/learning/automotive/stm32cube/stm32cubeide_1.10.1/stm32cubeide/plugins/com.st.stm32cube.ide.mcu.externaltools.gnu-tools-for-stm32.10.3-2021.10.win32_1.0.0.202111181127/tools/bin/../lib/gcc/arm-none-eabi/10.3.1/../../../../arm-none-eabi/lib/thumb/v7e-m+fp/hard\libc_nano.a(lib_a-nano-vfprintf.o)
 .text.__sfputs_r
                0x000000000800389a       0x24 d:/learning/automotive/stm32cube/stm32cubeide_1.10.1/stm32cubeide/plugins/com.st.stm32cube.ide.mcu.externaltools.gnu-tools-for-stm32.10.3-2021.10.win32_1.0.0.202111181127/tools/bin/../lib/gcc/arm-none-eabi/10.3.1/../../../../arm-none-eabi/lib/thumb/v7e-m+fp/hard\libc_nano.a(lib_a-nano-vfprintf.o)
                0x000000000800389a                __sfputs_r
 *fill*         0x00000000080038be        0x2 
 .text._vfprintf_r
                0x00000000080038c0      0x260 d:/learning/automotive/stm32cube/stm32cubeide_1.10.1/stm32cubeide/plugins/com.st.stm32cube.ide.mcu.externaltools.gnu-tools-for-stm32.10.3-2021.10.win32_1.0.0.202111181127/tools/bin/../lib/gcc/arm-none-eabi/10.3.1/../../../../arm-none-eabi/lib/thumb/v7e-m+fp/hard\libc_nano.a(lib_a-nano-vfprintf.o)
                0x00000000080038c0                _vfprintf_r
                0x00000000080038c0                _vfiprintf_r
 .text._printf_common
                0x0000000008003b20       0xda d:/learning/automotive/stm32cube/stm32cubeide_1.10.1/stm32cubeide/plugins/com.st.stm32cube.ide.mcu.externaltools.gnu-tools-for-stm32.10.3-2021.10.win32_1.0.0.202111181127/tools/bin/../lib/gcc/arm-none-eabi/10.3.1/../../../../arm-none-eabi/lib/thumb/v7e-m+fp/hard\libc_nano.a(lib_a-nano-vfprintf_i.o)
                0x0000000008003b20                _printf_common
 *fill*         0x0000000008003bfa        0x2 
 .text._printf_i
                0x0000000008003bfc      0x24c d:/learning/automotive/stm32cube/stm32cubeide_1.10.1/stm32cubeide/plugins/com.st.stm32cube.ide.mcu.externaltools.gnu-tools-for-stm32.10.3-2021.10.win32_1.0.0.202111181127/tools/bin/../lib/gcc/arm-none-eabi/10.3.1/../../../../arm-none-eabi/lib/thumb/v7e-m+fp/hard\libc_nano.a(lib_a-nano-vfprintf_i.o)
                0x0000000008003bfc                _printf_i
 .text._putc_r  0x0000000008003e48       0x90 d:/learning/automotive/stm32cube/stm32cubeide_1.10.1/stm32cubeide/plugins/com.st.stm32cube.ide.mcu.externaltools.gnu-tools-for-stm32.10.3-2021.10.win32_1.0.0.202111181127/tools/bin/../lib/gcc/arm-none-eabi/10.3.1/../../../../arm-none-eabi/lib/thumb/v7e-m+fp/hard\libc_nano.a(lib_a-putc.o)
                0x0000000008003e48                _putc_r
 .text._sbrk_r  0x0000000008003ed8       0x20 d:/learning/automotive/stm32cube/stm32cubeide_1.10.1/stm32cubeide/plugins/com.st.stm32cube.ide.mcu.externaltools.gnu-tools-for-stm32.10.3-2021.10.win32_1.0.0.202111181127/tools/bin/../lib/gcc/arm-none-eabi/10.3.1/../../../../arm-none-eabi/lib/thumb/v7e-m+fp/hard\libc_nano.a(lib_a-sbrkr.o)
                0x0000000008003ed8                _sbrk_r
 .text.__sread  0x0000000008003ef8       0x22 d:/learning/automotive/stm32cube/stm32cubeide_1.10.1/stm32cubeide/plugins/com.st.stm32cube.ide.mcu.externaltools.gnu-tools-for-stm32.10.3-2021.10.win32_1.0.0.202111181127/tools/bin/../lib/gcc/arm-none-eabi/10.3.1/../../../../arm-none-eabi/lib/thumb/v7e-m+fp/hard\libc_nano.a(lib_a-stdio.o)
                0x0000000008003ef8                __sread
 .text.__swrite
                0x0000000008003f1a       0x38 d:/learning/automotive/stm32cube/stm32cubeide_1.10.1/stm32cubeide/plugins/com.st.stm32cube.ide.mcu.externaltools.gnu-tools-for-stm32.10.3-2021.10.win32_1.0.0.202111181127/tools/bin/../lib/gcc/arm-none-eabi/10.3.1/../../../../arm-none-eabi/lib/thumb/v7e-m+fp/hard\libc_nano.a(lib_a-stdio.o)
                0x0000000008003f1a                __swrite
 .text.__sseek  0x0000000008003f52       0x24 d:/learning/automotive/stm32cube/stm32cubeide_1.10.1/stm32cubeide/plugins/com.st.stm32cube.ide.mcu.externaltools.gnu-tools-for-stm32.10.3-2021.10.win32_1.0.0.202111181127/tools/bin/../lib/gcc/arm-none-eabi/10.3.1/../../../../arm-none-eabi/lib/thumb/v7e-m+fp/hard\libc_nano.a(lib_a-stdio.o)
                0x0000000008003f52                __sseek
 .text.__sclose
                0x0000000008003f76        0x8 d:/learning/automotive/stm32cube/stm32cubeide_1.10.1/stm32cubeide/plugins/com.st.stm32cube.ide.mcu.externaltools.gnu-tools-for-stm32.10.3-2021.10.win32_1.0.0.202111181127/tools/bin/../lib/gcc/arm-none-eabi/10.3.1/../../../../arm-none-eabi/lib/thumb/v7e-m+fp/hard\libc_nano.a(lib_a-stdio.o)
                0x0000000008003f76                __sclose
 *fill*         0x0000000008003f7e        0x2 
 .text.__swbuf_r
                0x0000000008003f80       0xa4 d:/learning/automotive/stm32cube/stm32cubeide_1.10.1/stm32cubeide/plugins/com.st.stm32cube.ide.mcu.externaltools.gnu-tools-for-stm32.10.3-2021.10.win32_1.0.0.202111181127/tools/bin/../lib/gcc/arm-none-eabi/10.3.1/../../../../arm-none-eabi/lib/thumb/v7e-m+fp/hard\libc_nano.a(lib_a-wbuf.o)
                0x0000000008003f80                __swbuf_r
 .text._write_r
                0x0000000008004024       0x24 d:/learning/automotive/stm32cube/stm32cubeide_1.10.1/stm32cubeide/plugins/com.st.stm32cube.ide.mcu.externaltools.gnu-tools-for-stm32.10.3-2021.10.win32_1.0.0.202111181127/tools/bin/../lib/gcc/arm-none-eabi/10.3.1/../../../../arm-none-eabi/lib/thumb/v7e-m+fp/hard\libc_nano.a(lib_a-writer.o)
                0x0000000008004024                _write_r
 .text.__swsetup_r
                0x0000000008004048       0xdc d:/learning/automotive/stm32cube/stm32cubeide_1.10.1/stm32cubeide/plugins/com.st.stm32cube.ide.mcu.externaltools.gnu-tools-for-stm32.10.3-2021.10.win32_1.0.0.202111181127/tools/bin/../lib/gcc/arm-none-eabi/10.3.1/../../../../arm-none-eabi/lib/thumb/v7e-m+fp/hard\libc_nano.a(lib_a-wsetup.o)
                0x0000000008004048                __swsetup_r
 .text._close_r
                0x0000000008004124       0x20 d:/learning/automotive/stm32cube/stm32cubeide_1.10.1/stm32cubeide/plugins/com.st.stm32cube.ide.mcu.externaltools.gnu-tools-for-stm32.10.3-2021.10.win32_1.0.0.202111181127/tools/bin/../lib/gcc/arm-none-eabi/10.3.1/../../../../arm-none-eabi/lib/thumb/v7e-m+fp/hard\libc_nano.a(lib_a-closer.o)
                0x0000000008004124                _close_r
 .text.__sflush_r
                0x0000000008004144      0x10c d:/learning/automotive/stm32cube/stm32cubeide_1.10.1/stm32cubeide/plugins/com.st.stm32cube.ide.mcu.externaltools.gnu-tools-for-stm32.10.3-2021.10.win32_1.0.0.202111181127/tools/bin/../lib/gcc/arm-none-eabi/10.3.1/../../../../arm-none-eabi/lib/thumb/v7e-m+fp/hard\libc_nano.a(lib_a-fflush.o)
                0x0000000008004144                __sflush_r
 .text._fflush_r
                0x0000000008004250       0x78 d:/learning/automotive/stm32cube/stm32cubeide_1.10.1/stm32cubeide/plugins/com.st.stm32cube.ide.mcu.externaltools.gnu-tools-for-stm32.10.3-2021.10.win32_1.0.0.202111181127/tools/bin/../lib/gcc/arm-none-eabi/10.3.1/../../../../arm-none-eabi/lib/thumb/v7e-m+fp/hard\libc_nano.a(lib_a-fflush.o)
                0x0000000008004250                _fflush_r
 .text._lseek_r
                0x00000000080042c8       0x24 d:/learning/automotive/stm32cube/stm32cubeide_1.10.1/stm32cubeide/plugins/com.st.stm32cube.ide.mcu.externaltools.gnu-tools-for-stm32.10.3-2021.10.win32_1.0.0.202111181127/tools/bin/../lib/gcc/arm-none-eabi/10.3.1/../../../../arm-none-eabi/lib/thumb/v7e-m+fp/hard\libc_nano.a(lib_a-lseekr.o)
                0x00000000080042c8                _lseek_r
 .text.__swhatbuf_r
                0x00000000080042ec       0x4a d:/learning/automotive/stm32cube/stm32cubeide_1.10.1/stm32cubeide/plugins/com.st.stm32cube.ide.mcu.externaltools.gnu-tools-for-stm32.10.3-2021.10.win32_1.0.0.202111181127/tools/bin/../lib/gcc/arm-none-eabi/10.3.1/../../../../arm-none-eabi/lib/thumb/v7e-m+fp/hard\libc_nano.a(lib_a-makebuf.o)
                0x00000000080042ec                __swhatbuf_r
 *fill*         0x0000000008004336        0x2 
 .text.__smakebuf_r
                0x0000000008004338       0x80 d:/learning/automotive/stm32cube/stm32cubeide_1.10.1/stm32cubeide/plugins/com.st.stm32cube.ide.mcu.externaltools.gnu-tools-for-stm32.10.3-2021.10.win32_1.0.0.202111181127/tools/bin/../lib/gcc/arm-none-eabi/10.3.1/../../../../arm-none-eabi/lib/thumb/v7e-m+fp/hard\libc_nano.a(lib_a-makebuf.o)
                0x0000000008004338                __smakebuf_r
 .text.__malloc_lock
                0x00000000080043b8        0xc d:/learning/automotive/stm32cube/stm32cubeide_1.10.1/stm32cubeide/plugins/com.st.stm32cube.ide.mcu.externaltools.gnu-tools-for-stm32.10.3-2021.10.win32_1.0.0.202111181127/tools/bin/../lib/gcc/arm-none-eabi/10.3.1/../../../../arm-none-eabi/lib/thumb/v7e-m+fp/hard\libc_nano.a(lib_a-mlock.o)
                0x00000000080043b8                __malloc_lock
 .text.__malloc_unlock
                0x00000000080043c4        0xc d:/learning/automotive/stm32cube/stm32cubeide_1.10.1/stm32cubeide/plugins/com.st.stm32cube.ide.mcu.externaltools.gnu-tools-for-stm32.10.3-2021.10.win32_1.0.0.202111181127/tools/bin/../lib/gcc/arm-none-eabi/10.3.1/../../../../arm-none-eabi/lib/thumb/v7e-m+fp/hard\libc_nano.a(lib_a-mlock.o)
                0x00000000080043c4                __malloc_unlock
 .text._free_r  0x00000000080043d0       0x98 d:/learning/automotive/stm32cube/stm32cubeide_1.10.1/stm32cubeide/plugins/com.st.stm32cube.ide.mcu.externaltools.gnu-tools-for-stm32.10.3-2021.10.win32_1.0.0.202111181127/tools/bin/../lib/gcc/arm-none-eabi/10.3.1/../../../../arm-none-eabi/lib/thumb/v7e-m+fp/hard\libc_nano.a(lib_a-nano-freer.o)
                0x00000000080043d0                _free_r
 .text._read_r  0x0000000008004468       0x24 d:/learning/automotive/stm32cube/stm32cubeide_1.10.1/stm32cubeide/plugins/com.st.stm32cube.ide.mcu.externaltools.gnu-tools-for-stm32.10.3-2021.10.win32_1.0.0.202111181127/tools/bin/../lib/gcc/arm-none-eabi/10.3.1/../../../../arm-none-eabi/lib/thumb/v7e-m+fp/hard\libc_nano.a(lib_a-readr.o)
                0x0000000008004468                _read_r
 .text._fstat_r
                0x000000000800448c       0x24 d:/learning/automotive/stm32cube/stm32cubeide_1.10.1/stm32cubeide/plugins/com.st.stm32cube.ide.mcu.externaltools.gnu-tools-for-stm32.10.3-2021.10.win32_1.0.0.202111181127/tools/bin/../lib/gcc/arm-none-eabi/10.3.1/../../../../arm-none-eabi/lib/thumb/v7e-m+fp/hard\libc_nano.a(lib_a-fstatr.o)
                0x000000000800448c                _fstat_r
 .text._isatty_r
                0x00000000080044b0       0x20 d:/learning/automotive/stm32cube/stm32cubeide_1.10.1/stm32cubeide/plugins/com.st.stm32cube.ide.mcu.externaltools.gnu-tools-for-stm32.10.3-2021.10.win32_1.0.0.202111181127/tools/bin/../lib/gcc/arm-none-eabi/10.3.1/../../../../arm-none-eabi/lib/thumb/v7e-m+fp/hard\libc_nano.a(lib_a-isattyr.o)
                0x00000000080044b0                _isatty_r
 *(.glue_7)
 .glue_7        0x00000000080044d0        0x0 linker stubs
 *(.glue_7t)
 .glue_7t       0x00000000080044d0        0x0 linker stubs
 *(.eh_frame)
 .eh_frame      0x00000000080044d0        0x0 d:/learning/automotive/stm32cube/stm32cubeide_1.10.1/stm32cubeide/plugins/com.st.stm32cube.ide.mcu.externaltools.gnu-tools-for-stm32.10.3-2021.10.win32_1.0.0.202111181127/tools/bin/../lib/gcc/arm-none-eabi/10.3.1/thumb/v7e-m+fp/hard/crtbegin.o
 *(.init)
 .init          0x00000000080044d0        0x4 d:/learning/automotive/stm32cube/stm32cubeide_1.10.1/stm32cubeide/plugins/com.st.stm32cube.ide.mcu.externaltools.gnu-tools-for-stm32.10.3-2021.10.win32_1.0.0.202111181127/tools/bin/../lib/gcc/arm-none-eabi/10.3.1/thumb/v7e-m+fp/hard/crti.o
                0x00000000080044d0                _init
 .init          0x00000000080044d4        0x8 d:/learning/automotive/stm32cube/stm32cubeide_1.10.1/stm32cubeide/plugins/com.st.stm32cube.ide.mcu.externaltools.gnu-tools-for-stm32.10.3-2021.10.win32_1.0.0.202111181127/tools/bin/../lib/gcc/arm-none-eabi/10.3.1/thumb/v7e-m+fp/hard/crtn.o
 *(.fini)
 .fini          0x00000000080044dc        0x4 d:/learning/automotive/stm32cube/stm32cubeide_1.10.1/stm32cubeide/plugins/com.st.stm32cube.ide.mcu.externaltools.gnu-tools-for-stm32.10.3-2021.10.win32_1.0.0.202111181127/tools/bin/../lib/gcc/arm-none-eabi/10.3.1/thumb/v7e-m+fp/hard/crti.o
                0x00000000080044dc                _fini
 .fini          0x00000000080044e0        0x8 d:/learning/automotive/stm32cube/stm32cubeide_1.10.1/stm32cubeide/plugins/com.st.stm32cube.ide.mcu.externaltools.gnu-tools-for-stm32.10.3-2021.10.win32_1.0.0.202111181127/tools/bin/../lib/gcc/arm-none-eabi/10.3.1/thumb/v7e-m+fp/hard/crtn.o
                0x00000000080044e8                . = ALIGN (0x4)
                0x00000000080044e8                _etext = .

.vfp11_veneer   0x00000000080044e8        0x0
 .vfp11_veneer  0x00000000080044e8        0x0 linker stubs

.v4_bx          0x00000000080044e8        0x0
 .v4_bx         0x00000000080044e8        0x0 linker stubs

.iplt           0x00000000080044e8        0x0
 .iplt          0x00000000080044e8        0x0 d:/learning/automotive/stm32cube/stm32cubeide_1.10.1/stm32cubeide/plugins/com.st.stm32cube.ide.mcu.externaltools.gnu-tools-for-stm32.10.3-2021.10.win32_1.0.0.202111181127/tools/bin/../lib/gcc/arm-none-eabi/10.3.1/thumb/v7e-m+fp/hard/crtbegin.o

.rodata         0x00000000080044e8       0xdc
                0x00000000080044e8                . = ALIGN (0x4)
 *(.rodata)
 .rodata        0x00000000080044e8       0x2a ./Core/Src/main.o
 *(.rodata*)
 *fill*         0x0000000008004512        0x2 
 .rodata.AHBPrescTable
                0x0000000008004514       0x10 ./Core/Src/system_stm32f4xx.o
                0x0000000008004514                AHBPrescTable
 .rodata.APBPrescTable
                0x0000000008004524        0x8 ./Core/Src/system_stm32f4xx.o
                0x0000000008004524                APBPrescTable
 .rodata._global_impure_ptr
                0x000000000800452c        0x4 d:/learning/automotive/stm32cube/stm32cubeide_1.10.1/stm32cubeide/plugins/com.st.stm32cube.ide.mcu.externaltools.gnu-tools-for-stm32.10.3-2021.10.win32_1.0.0.202111181127/tools/bin/../lib/gcc/arm-none-eabi/10.3.1/../../../../arm-none-eabi/lib/thumb/v7e-m+fp/hard\libc_nano.a(lib_a-impure.o)
                0x000000000800452c                _global_impure_ptr
 .rodata.__sf_fake_stderr
                0x0000000008004530       0x20 d:/learning/automotive/stm32cube/stm32cubeide_1.10.1/stm32cubeide/plugins/com.st.stm32cube.ide.mcu.externaltools.gnu-tools-for-stm32.10.3-2021.10.win32_1.0.0.202111181127/tools/bin/../lib/gcc/arm-none-eabi/10.3.1/../../../../arm-none-eabi/lib/thumb/v7e-m+fp/hard\libc_nano.a(lib_a-findfp.o)
                0x0000000008004530                __sf_fake_stderr
 .rodata.__sf_fake_stdin
                0x0000000008004550       0x20 d:/learning/automotive/stm32cube/stm32cubeide_1.10.1/stm32cubeide/plugins/com.st.stm32cube.ide.mcu.externaltools.gnu-tools-for-stm32.10.3-2021.10.win32_1.0.0.202111181127/tools/bin/../lib/gcc/arm-none-eabi/10.3.1/../../../../arm-none-eabi/lib/thumb/v7e-m+fp/hard\libc_nano.a(lib_a-findfp.o)
                0x0000000008004550                __sf_fake_stdin
 .rodata.__sf_fake_stdout
                0x0000000008004570       0x20 d:/learning/automotive/stm32cube/stm32cubeide_1.10.1/stm32cubeide/plugins/com.st.stm32cube.ide.mcu.externaltools.gnu-tools-for-stm32.10.3-2021.10.win32_1.0.0.202111181127/tools/bin/../lib/gcc/arm-none-eabi/10.3.1/../../../../arm-none-eabi/lib/thumb/v7e-m+fp/hard\libc_nano.a(lib_a-findfp.o)
                0x0000000008004570                __sf_fake_stdout
 .rodata._vfprintf_r.str1.1
                0x0000000008004590       0x11 d:/learning/automotive/stm32cube/stm32cubeide_1.10.1/stm32cubeide/plugins/com.st.stm32cube.ide.mcu.externaltools.gnu-tools-for-stm32.10.3-2021.10.win32_1.0.0.202111181127/tools/bin/../lib/gcc/arm-none-eabi/10.3.1/../../../../arm-none-eabi/lib/thumb/v7e-m+fp/hard\libc_nano.a(lib_a-nano-vfprintf.o)
 .rodata._printf_i.str1.1
                0x00000000080045a1       0x22 d:/learning/automotive/stm32cube/stm32cubeide_1.10.1/stm32cubeide/plugins/com.st.stm32cube.ide.mcu.externaltools.gnu-tools-for-stm32.10.3-2021.10.win32_1.0.0.202111181127/tools/bin/../lib/gcc/arm-none-eabi/10.3.1/../../../../arm-none-eabi/lib/thumb/v7e-m+fp/hard\libc_nano.a(lib_a-nano-vfprintf_i.o)
                0x00000000080045c4                . = ALIGN (0x4)
 *fill*         0x00000000080045c3        0x1 

.ARM.extab      0x00000000080045c4        0x0
                0x00000000080045c4                . = ALIGN (0x4)
 *(.ARM.extab* .gnu.linkonce.armextab.*)
                0x00000000080045c4                . = ALIGN (0x4)

.ARM            0x00000000080045c4        0x8
                0x00000000080045c4                . = ALIGN (0x4)
                0x00000000080045c4                __exidx_start = .
 *(.ARM.exidx*)
 .ARM.exidx     0x00000000080045c4        0x8 d:/learning/automotive/stm32cube/stm32cubeide_1.10.1/stm32cubeide/plugins/com.st.stm32cube.ide.mcu.externaltools.gnu-tools-for-stm32.10.3-2021.10.win32_1.0.0.202111181127/tools/bin/../lib/gcc/arm-none-eabi/10.3.1/thumb/v7e-m+fp/hard\libgcc.a(_udivmoddi4.o)
                0x00000000080045cc                __exidx_end = .
                0x00000000080045cc                . = ALIGN (0x4)

.rel.dyn        0x00000000080045cc        0x0
 .rel.iplt      0x00000000080045cc        0x0 d:/learning/automotive/stm32cube/stm32cubeide_1.10.1/stm32cubeide/plugins/com.st.stm32cube.ide.mcu.externaltools.gnu-tools-for-stm32.10.3-2021.10.win32_1.0.0.202111181127/tools/bin/../lib/gcc/arm-none-eabi/10.3.1/thumb/v7e-m+fp/hard/crtbegin.o

.preinit_array  0x00000000080045cc        0x0
                0x00000000080045cc                . = ALIGN (0x4)
                0x00000000080045cc                PROVIDE (__preinit_array_start = .)
 *(.preinit_array*)
                0x00000000080045cc                PROVIDE (__preinit_array_end = .)
                0x00000000080045cc                . = ALIGN (0x4)

.init_array     0x00000000080045cc        0x4
                0x00000000080045cc                . = ALIGN (0x4)
                0x00000000080045cc                PROVIDE (__init_array_start = .)
 *(SORT_BY_NAME(.init_array.*))
 *(.init_array*)
 .init_array    0x00000000080045cc        0x4 d:/learning/automotive/stm32cube/stm32cubeide_1.10.1/stm32cubeide/plugins/com.st.stm32cube.ide.mcu.externaltools.gnu-tools-for-stm32.10.3-2021.10.win32_1.0.0.202111181127/tools/bin/../lib/gcc/arm-none-eabi/10.3.1/thumb/v7e-m+fp/hard/crtbegin.o
                0x00000000080045d0                PROVIDE (__init_array_end = .)
                0x00000000080045d0                . = ALIGN (0x4)

.fini_array     0x00000000080045d0        0x4
                0x00000000080045d0                . = ALIGN (0x4)
                [!provide]                        PROVIDE (__fini_array_start = .)
 *(SORT_BY_NAME(.fini_array.*))
 *(.fini_array*)
 .fini_array    0x00000000080045d0        0x4 d:/learning/automotive/stm32cube/stm32cubeide_1.10.1/stm32cubeide/plugins/com.st.stm32cube.ide.mcu.externaltools.gnu-tools-for-stm32.10.3-2021.10.win32_1.0.0.202111181127/tools/bin/../lib/gcc/arm-none-eabi/10.3.1/thumb/v7e-m+fp/hard/crtbegin.o
                [!provide]                        PROVIDE (__fini_array_end = .)
                0x00000000080045d4                . = ALIGN (0x4)
                0x00000000080045d4                _sidata = LOADADDR (.data)

.data           0x0000000020000000       0x70 load address 0x00000000080045d4
                0x0000000020000000                . = ALIGN (0x4)
                0x0000000020000000                _sdata = .
 *(.data)
 *(.data*)
 .data.SystemCoreClock
                0x0000000020000000        0x4 ./Core/Src/system_stm32f4xx.o
                0x0000000020000000                SystemCoreClock
 .data.uwTickPrio
                0x0000000020000004        0x4 ./Drivers/STM32F4xx_HAL_Driver/Src/stm32f4xx_hal.o
                0x0000000020000004                uwTickPrio
 .data.uwTickFreq
                0x0000000020000008        0x1 ./Drivers/STM32F4xx_HAL_Driver/Src/stm32f4xx_hal.o
                0x0000000020000008                uwTickFreq
 *fill*         0x0000000020000009        0x3 
 .data._impure_ptr
                0x000000002000000c        0x4 d:/learning/automotive/stm32cube/stm32cubeide_1.10.1/stm32cubeide/plugins/com.st.stm32cube.ide.mcu.externaltools.gnu-tools-for-stm32.10.3-2021.10.win32_1.0.0.202111181127/tools/bin/../lib/gcc/arm-none-eabi/10.3.1/../../../../arm-none-eabi/lib/thumb/v7e-m+fp/hard\libc_nano.a(lib_a-impure.o)
                0x000000002000000c                _impure_ptr
 .data.impure_data
                0x0000000020000010       0x60 d:/learning/automotive/stm32cube/stm32cubeide_1.10.1/stm32cubeide/plugins/com.st.stm32cube.ide.mcu.externaltools.gnu-tools-for-stm32.10.3-2021.10.win32_1.0.0.202111181127/tools/bin/../lib/gcc/arm-none-eabi/10.3.1/../../../../arm-none-eabi/lib/thumb/v7e-m+fp/hard\libc_nano.a(lib_a-impure.o)
 *(.RamFunc)
 *(.RamFunc*)
                0x0000000020000070                . = ALIGN (0x4)
                0x0000000020000070                _edata = .
                0x0000000008004644                _siccmram = LOADADDR (.ccmram)

.igot.plt       0x0000000020000070        0x0 load address 0x0000000008004644
 .igot.plt      0x0000000020000070        0x0 d:/learning/automotive/stm32cube/stm32cubeide_1.10.1/stm32cubeide/plugins/com.st.stm32cube.ide.mcu.externaltools.gnu-tools-for-stm32.10.3-2021.10.win32_1.0.0.202111181127/tools/bin/../lib/gcc/arm-none-eabi/10.3.1/thumb/v7e-m+fp/hard/crtbegin.o

.ccmram         0x0000000010000000        0x0 load address 0x0000000008004644
                0x0000000010000000                . = ALIGN (0x4)
                0x0000000010000000                _sccmram = .
 *(.ccmram)
 *(.ccmram*)
                0x0000000010000000                . = ALIGN (0x4)
                0x0000000010000000                _eccmram = .
                0x0000000010000000                . = ALIGN (0x4)

.bss            0x0000000020000070      0x25c
                0x0000000020000070                _sbss = .
                0x0000000020000070                __bss_start__ = _sbss
 *(.bss)
 .bss           0x0000000020000070       0x1c d:/learning/automotive/stm32cube/stm32cubeide_1.10.1/stm32cubeide/plugins/com.st.stm32cube.ide.mcu.externaltools.gnu-tools-for-stm32.10.3-2021.10.win32_1.0.0.202111181127/tools/bin/../lib/gcc/arm-none-eabi/10.3.1/thumb/v7e-m+fp/hard/crtbegin.o
 *(.bss*)
 .bss.hcan1     0x000000002000008c       0x28 ./Core/Src/main.o
                0x000000002000008c                hcan1
 .bss.hcan2     0x00000000200000b4       0x28 ./Core/Src/main.o
                0x00000000200000b4                hcan2
 .bss.huart1    0x00000000200000dc       0x44 ./Core/Src/main.o
                0x00000000200000dc                huart1
 .bss.Node1_TxHeader
                0x0000000020000120       0x18 ./Core/Src/main.o
                0x0000000020000120                Node1_TxHeader
 .bss.Node1_RxHeader
                0x0000000020000138       0x1c ./Core/Src/main.o
                0x0000000020000138                Node1_RxHeader
 .bss.Node1_TxData
                0x0000000020000154        0x8 ./Core/Src/main.o
                0x0000000020000154                Node1_TxData
 .bss.Node1_RxData
                0x000000002000015c        0x8 ./Core/Src/main.o
                0x000000002000015c                Node1_RxData
 .bss.Node1_TxMailbox
                0x0000000020000164        0x4 ./Core/Src/main.o
                0x0000000020000164                Node1_TxMailbox
 .bss.Node2_TxHeader
                0x0000000020000168       0x18 ./Core/Src/main.o
                0x0000000020000168                Node2_TxHeader
 .bss.Node2_RxHeader
                0x0000000020000180       0x1c ./Core/Src/main.o
                0x0000000020000180                Node2_RxHeader
 .bss.Node2_TxData
                0x000000002000019c        0x8 ./Core/Src/main.o
                0x000000002000019c                Node2_TxData
 .bss.Node2_RxData
                0x00000000200001a4        0x8 ./Core/Src/main.o
                0x00000000200001a4                Node2_RxData
 .bss.Node2_TxMailbox
                0x00000000200001ac        0x4 ./Core/Src/main.o
                0x00000000200001ac                Node2_TxMailbox
 .bss.crcTable  0x00000000200001b0      0x100 ./Core/Src/main.o
                0x00000000200001b0                crcTable
 .bss.HAL_RCC_CAN1_CLK_ENABLED
                0x00000000200002b0        0x4 ./Core/Src/stm32f4xx_hal_msp.o
 .bss.__sbrk_heap_end
                0x00000000200002b4        0x4 ./Core/Src/sysmem.o
 .bss.uwTick    0x00000000200002b8        0x4 ./Drivers/STM32F4xx_HAL_Driver/Src/stm32f4xx_hal.o
                0x00000000200002b8                uwTick
 .bss.__lock___malloc_recursive_mutex
                0x00000000200002bc        0x1 d:/learning/automotive/stm32cube/stm32cubeide_1.10.1/stm32cubeide/plugins/com.st.stm32cube.ide.mcu.externaltools.gnu-tools-for-stm32.10.3-2021.10.win32_1.0.0.202111181127/tools/bin/../lib/gcc/arm-none-eabi/10.3.1/../../../../arm-none-eabi/lib/thumb/v7e-m+fp/hard\libc_nano.a(lib_a-lock.o)
                0x00000000200002bc                __lock___malloc_recursive_mutex
 .bss.__lock___sfp_recursive_mutex
                0x00000000200002bd        0x1 d:/learning/automotive/stm32cube/stm32cubeide_1.10.1/stm32cubeide/plugins/com.st.stm32cube.ide.mcu.externaltools.gnu-tools-for-stm32.10.3-2021.10.win32_1.0.0.202111181127/tools/bin/../lib/gcc/arm-none-eabi/10.3.1/../../../../arm-none-eabi/lib/thumb/v7e-m+fp/hard\libc_nano.a(lib_a-lock.o)
                0x00000000200002bd                __lock___sfp_recursive_mutex
 .bss.__lock___sinit_recursive_mutex
                0x00000000200002be        0x1 d:/learning/automotive/stm32cube/stm32cubeide_1.10.1/stm32cubeide/plugins/com.st.stm32cube.ide.mcu.externaltools.gnu-tools-for-stm32.10.3-2021.10.win32_1.0.0.202111181127/tools/bin/../lib/gcc/arm-none-eabi/10.3.1/../../../../arm-none-eabi/lib/thumb/v7e-m+fp/hard\libc_nano.a(lib_a-lock.o)
                0x00000000200002be                __lock___sinit_recursive_mutex
 *fill*         0x00000000200002bf        0x1 
 .bss.__malloc_free_list
                0x00000000200002c0        0x4 d:/learning/automotive/stm32cube/stm32cubeide_1.10.1/stm32cubeide/plugins/com.st.stm32cube.ide.mcu.externaltools.gnu-tools-for-stm32.10.3-2021.10.win32_1.0.0.202111181127/tools/bin/../lib/gcc/arm-none-eabi/10.3.1/../../../../arm-none-eabi/lib/thumb/v7e-m+fp/hard\libc_nano.a(lib_a-nano-mallocr.o)
                0x00000000200002c0                __malloc_free_list
 .bss.__malloc_sbrk_start
                0x00000000200002c4        0x4 d:/learning/automotive/stm32cube/stm32cubeide_1.10.1/stm32cubeide/plugins/com.st.stm32cube.ide.mcu.externaltools.gnu-tools-for-stm32.10.3-2021.10.win32_1.0.0.202111181127/tools/bin/../lib/gcc/arm-none-eabi/10.3.1/../../../../arm-none-eabi/lib/thumb/v7e-m+fp/hard\libc_nano.a(lib_a-nano-mallocr.o)
                0x00000000200002c4                __malloc_sbrk_start
 .bss.errno     0x00000000200002c8        0x4 d:/learning/automotive/stm32cube/stm32cubeide_1.10.1/stm32cubeide/plugins/com.st.stm32cube.ide.mcu.externaltools.gnu-tools-for-stm32.10.3-2021.10.win32_1.0.0.202111181127/tools/bin/../lib/gcc/arm-none-eabi/10.3.1/../../../../arm-none-eabi/lib/thumb/v7e-m+fp/hard\libc_nano.a(lib_a-reent.o)
                0x00000000200002c8                errno
 *(COMMON)
                0x00000000200002cc                . = ALIGN (0x4)
                0x00000000200002cc                _ebss = .
                0x00000000200002cc                __bss_end__ = _ebss

._user_heap_stack
                0x00000000200002cc      0x604
                0x00000000200002d0                . = ALIGN (0x8)
 *fill*         0x00000000200002cc        0x4 
                [!provide]                        PROVIDE (end = .)
                0x00000000200002d0                PROVIDE (_end = .)
                0x00000000200004d0                . = (. + _Min_Heap_Size)
 *fill*         0x00000000200002d0      0x200 
                0x00000000200008d0                . = (. + _Min_Stack_Size)
 *fill*         0x00000000200004d0      0x400 
                0x00000000200008d0                . = ALIGN (0x8)

/DISCARD/
 libc.a(*)
 libm.a(*)
 libgcc.a(*)

.ARM.attributes
                0x0000000000000000       0x30
 *(.ARM.attributes)
 .ARM.attributes
                0x0000000000000000       0x1e d:/learning/automotive/stm32cube/stm32cubeide_1.10.1/stm32cubeide/plugins/com.st.stm32cube.ide.mcu.externaltools.gnu-tools-for-stm32.10.3-2021.10.win32_1.0.0.202111181127/tools/bin/../lib/gcc/arm-none-eabi/10.3.1/thumb/v7e-m+fp/hard/crti.o
 .ARM.attributes
                0x000000000000001e       0x34 d:/learning/automotive/stm32cube/stm32cubeide_1.10.1/stm32cubeide/plugins/com.st.stm32cube.ide.mcu.externaltools.gnu-tools-for-stm32.10.3-2021.10.win32_1.0.0.202111181127/tools/bin/../lib/gcc/arm-none-eabi/10.3.1/thumb/v7e-m+fp/hard/crtbegin.o
 .ARM.attributes
                0x0000000000000052       0x34 ./Core/Src/main.o
 .ARM.attributes
                0x0000000000000086       0x34 ./Core/Src/stm32f4xx_hal_msp.o
 .ARM.attributes
                0x00000000000000ba       0x34 ./Core/Src/stm32f4xx_it.o
 .ARM.attributes
                0x00000000000000ee       0x34 ./Core/Src/syscalls.o
 .ARM.attributes
                0x0000000000000122       0x34 ./Core/Src/sysmem.o
 .ARM.attributes
                0x0000000000000156       0x34 ./Core/Src/system_stm32f4xx.o
 .ARM.attributes
                0x000000000000018a       0x21 ./Core/Startup/startup_stm32f405rgtx.o
 .ARM.attributes
                0x00000000000001ab       0x34 ./Drivers/STM32F4xx_HAL_Driver/Src/stm32f4xx_hal.o
 .ARM.attributes
                0x00000000000001df       0x34 ./Drivers/STM32F4xx_HAL_Driver/Src/stm32f4xx_hal_can.o
 .ARM.attributes
                0x0000000000000213       0x34 ./Drivers/STM32F4xx_HAL_Driver/Src/stm32f4xx_hal_cortex.o
 .ARM.attributes
                0x0000000000000247       0x34 ./Drivers/STM32F4xx_HAL_Driver/Src/stm32f4xx_hal_gpio.o
 .ARM.attributes
                0x000000000000027b       0x34 ./Drivers/STM32F4xx_HAL_Driver/Src/stm32f4xx_hal_rcc.o
 .ARM.attributes
                0x00000000000002af       0x34 ./Drivers/STM32F4xx_HAL_Driver/Src/stm32f4xx_hal_uart.o
 .ARM.attributes
                0x00000000000002e3       0x34 d:/learning/automotive/stm32cube/stm32cubeide_1.10.1/stm32cubeide/plugins/com.st.stm32cube.ide.mcu.externaltools.gnu-tools-for-stm32.10.3-2021.10.win32_1.0.0.202111181127/tools/bin/../lib/gcc/arm-none-eabi/10.3.1/../../../../arm-none-eabi/lib/thumb/v7e-m+fp/hard\libc_nano.a(lib_a-errno.o)
 .ARM.attributes
                0x0000000000000317       0x34 d:/learning/automotive/stm32cube/stm32cubeide_1.10.1/stm32cubeide/plugins/com.st.stm32cube.ide.mcu.externaltools.gnu-tools-for-stm32.10.3-2021.10.win32_1.0.0.202111181127/tools/bin/../lib/gcc/arm-none-eabi/10.3.1/../../../../arm-none-eabi/lib/thumb/v7e-m+fp/hard\libc_nano.a(lib_a-impure.o)
 .ARM.attributes
                0x000000000000034b       0x34 d:/learning/automotive/stm32cube/stm32cubeide_1.10.1/stm32cubeide/plugins/com.st.stm32cube.ide.mcu.externaltools.gnu-tools-for-stm32.10.3-2021.10.win32_1.0.0.202111181127/tools/bin/../lib/gcc/arm-none-eabi/10.3.1/../../../../arm-none-eabi/lib/thumb/v7e-m+fp/hard\libc_nano.a(lib_a-init.o)
 .ARM.attributes
                0x000000000000037f       0x34 d:/learning/automotive/stm32cube/stm32cubeide_1.10.1/stm32cubeide/plugins/com.st.stm32cube.ide.mcu.externaltools.gnu-tools-for-stm32.10.3-2021.10.win32_1.0.0.202111181127/tools/bin/../lib/gcc/arm-none-eabi/10.3.1/../../../../arm-none-eabi/lib/thumb/v7e-m+fp/hard\libc_nano.a(lib_a-memset.o)
 .ARM.attributes
                0x00000000000003b3       0x34 d:/learning/automotive/stm32cube/stm32cubeide_1.10.1/stm32cubeide/plugins/com.st.stm32cube.ide.mcu.externaltools.gnu-tools-for-stm32.10.3-2021.10.win32_1.0.0.202111181127/tools/bin/../lib/gcc/arm-none-eabi/10.3.1/../../../../arm-none-eabi/lib/thumb/v7e-m+fp/hard\libc_nano.a(lib_a-printf.o)
 .ARM.attributes
                0x00000000000003e7       0x34 d:/learning/automotive/stm32cube/stm32cubeide_1.10.1/stm32cubeide/plugins/com.st.stm32cube.ide.mcu.externaltools.gnu-tools-for-stm32.10.3-2021.10.win32_1.0.0.202111181127/tools/bin/../lib/gcc/arm-none-eabi/10.3.1/../../../../arm-none-eabi/lib/thumb/v7e-m+fp/hard\libc_nano.a(lib_a-putchar.o)
 .ARM.attributes
                0x000000000000041b       0x34 d:/learning/automotive/stm32cube/stm32cubeide_1.10.1/stm32cubeide/plugins/com.st.stm32cube.ide.mcu.externaltools.gnu-tools-for-stm32.10.3-2021.10.win32_1.0.0.202111181127/tools/bin/../lib/gcc/arm-none-eabi/10.3.1/../../../../arm-none-eabi/lib/thumb/v7e-m+fp/hard\libc_nano.a(lib_a-findfp.o)
 .ARM.attributes
                0x000000000000044f       0x34 d:/learning/automotive/stm32cube/stm32cubeide_1.10.1/stm32cubeide/plugins/com.st.stm32cube.ide.mcu.externaltools.gnu-tools-for-stm32.10.3-2021.10.win32_1.0.0.202111181127/tools/bin/../lib/gcc/arm-none-eabi/10.3.1/../../../../arm-none-eabi/lib/thumb/v7e-m+fp/hard\libc_nano.a(lib_a-fwalk.o)
 .ARM.attributes
                0x0000000000000483       0x34 d:/learning/automotive/stm32cube/stm32cubeide_1.10.1/stm32cubeide/plugins/com.st.stm32cube.ide.mcu.externaltools.gnu-tools-for-stm32.10.3-2021.10.win32_1.0.0.202111181127/tools/bin/../lib/gcc/arm-none-eabi/10.3.1/../../../../arm-none-eabi/lib/thumb/v7e-m+fp/hard\libc_nano.a(lib_a-lock.o)
 .ARM.attributes
                0x00000000000004b7       0x34 d:/learning/automotive/stm32cube/stm32cubeide_1.10.1/stm32cubeide/plugins/com.st.stm32cube.ide.mcu.externaltools.gnu-tools-for-stm32.10.3-2021.10.win32_1.0.0.202111181127/tools/bin/../lib/gcc/arm-none-eabi/10.3.1/../../../../arm-none-eabi/lib/thumb/v7e-m+fp/hard\libc_nano.a(lib_a-nano-mallocr.o)
 .ARM.attributes
                0x00000000000004eb       0x34 d:/learning/automotive/stm32cube/stm32cubeide_1.10.1/stm32cubeide/plugins/com.st.stm32cube.ide.mcu.externaltools.gnu-tools-for-stm32.10.3-2021.10.win32_1.0.0.202111181127/tools/bin/../lib/gcc/arm-none-eabi/10.3.1/../../../../arm-none-eabi/lib/thumb/v7e-m+fp/hard\libc_nano.a(lib_a-nano-vfprintf.o)
 .ARM.attributes
                0x000000000000051f       0x34 d:/learning/automotive/stm32cube/stm32cubeide_1.10.1/stm32cubeide/plugins/com.st.stm32cube.ide.mcu.externaltools.gnu-tools-for-stm32.10.3-2021.10.win32_1.0.0.202111181127/tools/bin/../lib/gcc/arm-none-eabi/10.3.1/../../../../arm-none-eabi/lib/thumb/v7e-m+fp/hard\libc_nano.a(lib_a-nano-vfprintf_i.o)
 .ARM.attributes
                0x0000000000000553       0x34 d:/learning/automotive/stm32cube/stm32cubeide_1.10.1/stm32cubeide/plugins/com.st.stm32cube.ide.mcu.externaltools.gnu-tools-for-stm32.10.3-2021.10.win32_1.0.0.202111181127/tools/bin/../lib/gcc/arm-none-eabi/10.3.1/../../../../arm-none-eabi/lib/thumb/v7e-m+fp/hard\libc_nano.a(lib_a-putc.o)
 .ARM.attributes
                0x0000000000000587       0x34 d:/learning/automotive/stm32cube/stm32cubeide_1.10.1/stm32cubeide/plugins/com.st.stm32cube.ide.mcu.externaltools.gnu-tools-for-stm32.10.3-2021.10.win32_1.0.0.202111181127/tools/bin/../lib/gcc/arm-none-eabi/10.3.1/../../../../arm-none-eabi/lib/thumb/v7e-m+fp/hard\libc_nano.a(lib_a-sbrkr.o)
 .ARM.attributes
                0x00000000000005bb       0x34 d:/learning/automotive/stm32cube/stm32cubeide_1.10.1/stm32cubeide/plugins/com.st.stm32cube.ide.mcu.externaltools.gnu-tools-for-stm32.10.3-2021.10.win32_1.0.0.202111181127/tools/bin/../lib/gcc/arm-none-eabi/10.3.1/../../../../arm-none-eabi/lib/thumb/v7e-m+fp/hard\libc_nano.a(lib_a-stdio.o)
 .ARM.attributes
                0x00000000000005ef       0x34 d:/learning/automotive/stm32cube/stm32cubeide_1.10.1/stm32cubeide/plugins/com.st.stm32cube.ide.mcu.externaltools.gnu-tools-for-stm32.10.3-2021.10.win32_1.0.0.202111181127/tools/bin/../lib/gcc/arm-none-eabi/10.3.1/../../../../arm-none-eabi/lib/thumb/v7e-m+fp/hard\libc_nano.a(lib_a-wbuf.o)
 .ARM.attributes
                0x0000000000000623       0x34 d:/learning/automotive/stm32cube/stm32cubeide_1.10.1/stm32cubeide/plugins/com.st.stm32cube.ide.mcu.externaltools.gnu-tools-for-stm32.10.3-2021.10.win32_1.0.0.202111181127/tools/bin/../lib/gcc/arm-none-eabi/10.3.1/../../../../arm-none-eabi/lib/thumb/v7e-m+fp/hard\libc_nano.a(lib_a-writer.o)
 .ARM.attributes
                0x0000000000000657       0x34 d:/learning/automotive/stm32cube/stm32cubeide_1.10.1/stm32cubeide/plugins/com.st.stm32cube.ide.mcu.externaltools.gnu-tools-for-stm32.10.3-2021.10.win32_1.0.0.202111181127/tools/bin/../lib/gcc/arm-none-eabi/10.3.1/../../../../arm-none-eabi/lib/thumb/v7e-m+fp/hard\libc_nano.a(lib_a-wsetup.o)
 .ARM.attributes
                0x000000000000068b       0x34 d:/learning/automotive/stm32cube/stm32cubeide_1.10.1/stm32cubeide/plugins/com.st.stm32cube.ide.mcu.externaltools.gnu-tools-for-stm32.10.3-2021.10.win32_1.0.0.202111181127/tools/bin/../lib/gcc/arm-none-eabi/10.3.1/../../../../arm-none-eabi/lib/thumb/v7e-m+fp/hard\libc_nano.a(lib_a-closer.o)
 .ARM.attributes
                0x00000000000006bf       0x34 d:/learning/automotive/stm32cube/stm32cubeide_1.10.1/stm32cubeide/plugins/com.st.stm32cube.ide.mcu.externaltools.gnu-tools-for-stm32.10.3-2021.10.win32_1.0.0.202111181127/tools/bin/../lib/gcc/arm-none-eabi/10.3.1/../../../../arm-none-eabi/lib/thumb/v7e-m+fp/hard\libc_nano.a(lib_a-fflush.o)
 .ARM.attributes
                0x00000000000006f3       0x34 d:/learning/automotive/stm32cube/stm32cubeide_1.10.1/stm32cubeide/plugins/com.st.stm32cube.ide.mcu.externaltools.gnu-tools-for-stm32.10.3-2021.10.win32_1.0.0.202111181127/tools/bin/../lib/gcc/arm-none-eabi/10.3.1/../../../../arm-none-eabi/lib/thumb/v7e-m+fp/hard\libc_nano.a(lib_a-lseekr.o)
 .ARM.attributes
                0x0000000000000727       0x34 d:/learning/automotive/stm32cube/stm32cubeide_1.10.1/stm32cubeide/plugins/com.st.stm32cube.ide.mcu.externaltools.gnu-tools-for-stm32.10.3-2021.10.win32_1.0.0.202111181127/tools/bin/../lib/gcc/arm-none-eabi/10.3.1/../../../../arm-none-eabi/lib/thumb/v7e-m+fp/hard\libc_nano.a(lib_a-makebuf.o)
 .ARM.attributes
                0x000000000000075b       0x1c d:/learning/automotive/stm32cube/stm32cubeide_1.10.1/stm32cubeide/plugins/com.st.stm32cube.ide.mcu.externaltools.gnu-tools-for-stm32.10.3-2021.10.win32_1.0.0.202111181127/tools/bin/../lib/gcc/arm-none-eabi/10.3.1/../../../../arm-none-eabi/lib/thumb/v7e-m+fp/hard\libc_nano.a(lib_a-memchr.o)
 .ARM.attributes
                0x0000000000000777       0x34 d:/learning/automotive/stm32cube/stm32cubeide_1.10.1/stm32cubeide/plugins/com.st.stm32cube.ide.mcu.externaltools.gnu-tools-for-stm32.10.3-2021.10.win32_1.0.0.202111181127/tools/bin/../lib/gcc/arm-none-eabi/10.3.1/../../../../arm-none-eabi/lib/thumb/v7e-m+fp/hard\libc_nano.a(lib_a-mlock.o)
 .ARM.attributes
                0x00000000000007ab       0x34 d:/learning/automotive/stm32cube/stm32cubeide_1.10.1/stm32cubeide/plugins/com.st.stm32cube.ide.mcu.externaltools.gnu-tools-for-stm32.10.3-2021.10.win32_1.0.0.202111181127/tools/bin/../lib/gcc/arm-none-eabi/10.3.1/../../../../arm-none-eabi/lib/thumb/v7e-m+fp/hard\libc_nano.a(lib_a-nano-freer.o)
 .ARM.attributes
                0x00000000000007df       0x34 d:/learning/automotive/stm32cube/stm32cubeide_1.10.1/stm32cubeide/plugins/com.st.stm32cube.ide.mcu.externaltools.gnu-tools-for-stm32.10.3-2021.10.win32_1.0.0.202111181127/tools/bin/../lib/gcc/arm-none-eabi/10.3.1/../../../../arm-none-eabi/lib/thumb/v7e-m+fp/hard\libc_nano.a(lib_a-readr.o)
 .ARM.attributes
                0x0000000000000813       0x34 d:/learning/automotive/stm32cube/stm32cubeide_1.10.1/stm32cubeide/plugins/com.st.stm32cube.ide.mcu.externaltools.gnu-tools-for-stm32.10.3-2021.10.win32_1.0.0.202111181127/tools/bin/../lib/gcc/arm-none-eabi/10.3.1/../../../../arm-none-eabi/lib/thumb/v7e-m+fp/hard\libc_nano.a(lib_a-reent.o)
 .ARM.attributes
                0x0000000000000847       0x34 d:/learning/automotive/stm32cube/stm32cubeide_1.10.1/stm32cubeide/plugins/com.st.stm32cube.ide.mcu.externaltools.gnu-tools-for-stm32.10.3-2021.10.win32_1.0.0.202111181127/tools/bin/../lib/gcc/arm-none-eabi/10.3.1/../../../../arm-none-eabi/lib/thumb/v7e-m+fp/hard\libc_nano.a(lib_a-fstatr.o)
 .ARM.attributes
                0x000000000000087b       0x34 d:/learning/automotive/stm32cube/stm32cubeide_1.10.1/stm32cubeide/plugins/com.st.stm32cube.ide.mcu.externaltools.gnu-tools-for-stm32.10.3-2021.10.win32_1.0.0.202111181127/tools/bin/../lib/gcc/arm-none-eabi/10.3.1/../../../../arm-none-eabi/lib/thumb/v7e-m+fp/hard\libc_nano.a(lib_a-isattyr.o)
 .ARM.attributes
                0x00000000000008af       0x1e d:/learning/automotive/stm32cube/stm32cubeide_1.10.1/stm32cubeide/plugins/com.st.stm32cube.ide.mcu.externaltools.gnu-tools-for-stm32.10.3-2021.10.win32_1.0.0.202111181127/tools/bin/../lib/gcc/arm-none-eabi/10.3.1/thumb/v7e-m+fp/hard\libgcc.a(_aeabi_uldivmod.o)
 .ARM.attributes
                0x00000000000008cd       0x34 d:/learning/automotive/stm32cube/stm32cubeide_1.10.1/stm32cubeide/plugins/com.st.stm32cube.ide.mcu.externaltools.gnu-tools-for-stm32.10.3-2021.10.win32_1.0.0.202111181127/tools/bin/../lib/gcc/arm-none-eabi/10.3.1/thumb/v7e-m+fp/hard\libgcc.a(_udivmoddi4.o)
 .ARM.attributes
                0x0000000000000901       0x1e d:/learning/automotive/stm32cube/stm32cubeide_1.10.1/stm32cubeide/plugins/com.st.stm32cube.ide.mcu.externaltools.gnu-tools-for-stm32.10.3-2021.10.win32_1.0.0.202111181127/tools/bin/../lib/gcc/arm-none-eabi/10.3.1/thumb/v7e-m+fp/hard\libgcc.a(_dvmd_tls.o)
 .ARM.attributes
                0x000000000000091f       0x1e d:/learning/automotive/stm32cube/stm32cubeide_1.10.1/stm32cubeide/plugins/com.st.stm32cube.ide.mcu.externaltools.gnu-tools-for-stm32.10.3-2021.10.win32_1.0.0.202111181127/tools/bin/../lib/gcc/arm-none-eabi/10.3.1/thumb/v7e-m+fp/hard/crtn.o
OUTPUT(Lab3.elf elf32-littlearm)
LOAD linker stubs
LOAD d:/learning/automotive/stm32cube/stm32cubeide_1.10.1/stm32cubeide/plugins/com.st.stm32cube.ide.mcu.externaltools.gnu-tools-for-stm32.10.3-2021.10.win32_1.0.0.202111181127/tools/bin/../lib/gcc/arm-none-eabi/10.3.1/../../../../arm-none-eabi/lib/thumb/v7e-m+fp/hard\libc.a
LOAD d:/learning/automotive/stm32cube/stm32cubeide_1.10.1/stm32cubeide/plugins/com.st.stm32cube.ide.mcu.externaltools.gnu-tools-for-stm32.10.3-2021.10.win32_1.0.0.202111181127/tools/bin/../lib/gcc/arm-none-eabi/10.3.1/../../../../arm-none-eabi/lib/thumb/v7e-m+fp/hard\libm.a
LOAD d:/learning/automotive/stm32cube/stm32cubeide_1.10.1/stm32cubeide/plugins/com.st.stm32cube.ide.mcu.externaltools.gnu-tools-for-stm32.10.3-2021.10.win32_1.0.0.202111181127/tools/bin/../lib/gcc/arm-none-eabi/10.3.1/thumb/v7e-m+fp/hard\libgcc.a

.debug_info     0x0000000000000000     0xa2ab
 .debug_info    0x0000000000000000     0x1544 ./Core/Src/main.o
 .debug_info    0x0000000000001544     0x10a6 ./Core/Src/stm32f4xx_hal_msp.o
 .debug_info    0x00000000000025ea      0x56c ./Core/Src/stm32f4xx_it.o
 .debug_info    0x0000000000002b56      0x6e0 ./Core/Src/syscalls.o
 .debug_info    0x0000000000003236      0x171 ./Core/Src/sysmem.o
 .debug_info    0x00000000000033a7      0x523 ./Core/Src/system_stm32f4xx.o
 .debug_info    0x00000000000038ca       0x22 ./Core/Startup/startup_stm32f405rgtx.o
 .debug_info    0x00000000000038ec      0x96a ./Drivers/STM32F4xx_HAL_Driver/Src/stm32f4xx_hal.o
 .debug_info    0x0000000000004256      0xfc0 ./Drivers/STM32F4xx_HAL_Driver/Src/stm32f4xx_hal_can.o
 .debug_info    0x0000000000005216      0xe09 ./Drivers/STM32F4xx_HAL_Driver/Src/stm32f4xx_hal_cortex.o
 .debug_info    0x000000000000601f      0x76a ./Drivers/STM32F4xx_HAL_Driver/Src/stm32f4xx_hal_gpio.o
 .debug_info    0x0000000000006789      0x966 ./Drivers/STM32F4xx_HAL_Driver/Src/stm32f4xx_hal_rcc.o
 .debug_info    0x00000000000070ef     0x31bc ./Drivers/STM32F4xx_HAL_Driver/Src/stm32f4xx_hal_uart.o

.debug_abbrev   0x0000000000000000     0x18da
 .debug_abbrev  0x0000000000000000      0x335 ./Core/Src/main.o
 .debug_abbrev  0x0000000000000335      0x1ea ./Core/Src/stm32f4xx_hal_msp.o
 .debug_abbrev  0x000000000000051f      0x183 ./Core/Src/stm32f4xx_it.o
 .debug_abbrev  0x00000000000006a2      0x1b3 ./Core/Src/syscalls.o
 .debug_abbrev  0x0000000000000855       0xbb ./Core/Src/sysmem.o
 .debug_abbrev  0x0000000000000910      0x116 ./Core/Src/system_stm32f4xx.o
 .debug_abbrev  0x0000000000000a26       0x12 ./Core/Startup/startup_stm32f405rgtx.o
 .debug_abbrev  0x0000000000000a38      0x20d ./Drivers/STM32F4xx_HAL_Driver/Src/stm32f4xx_hal.o
 .debug_abbrev  0x0000000000000c45      0x21d ./Drivers/STM32F4xx_HAL_Driver/Src/stm32f4xx_hal_can.o
 .debug_abbrev  0x0000000000000e62      0x316 ./Drivers/STM32F4xx_HAL_Driver/Src/stm32f4xx_hal_cortex.o
 .debug_abbrev  0x0000000000001178      0x1c4 ./Drivers/STM32F4xx_HAL_Driver/Src/stm32f4xx_hal_gpio.o
 .debug_abbrev  0x000000000000133c      0x2aa ./Drivers/STM32F4xx_HAL_Driver/Src/stm32f4xx_hal_rcc.o
 .debug_abbrev  0x00000000000015e6      0x2f4 ./Drivers/STM32F4xx_HAL_Driver/Src/stm32f4xx_hal_uart.o

.debug_aranges  0x0000000000000000      0x860
 .debug_aranges
                0x0000000000000000       0x78 ./Core/Src/main.o
 .debug_aranges
                0x0000000000000078       0x40 ./Core/Src/stm32f4xx_hal_msp.o
 .debug_aranges
                0x00000000000000b8       0x70 ./Core/Src/stm32f4xx_it.o
 .debug_aranges
                0x0000000000000128       0xa8 ./Core/Src/syscalls.o
 .debug_aranges
                0x00000000000001d0       0x20 ./Core/Src/sysmem.o
 .debug_aranges
                0x00000000000001f0       0x28 ./Core/Src/system_stm32f4xx.o
 .debug_aranges
                0x0000000000000218       0x28 ./Core/Startup/startup_stm32f405rgtx.o
 .debug_aranges
                0x0000000000000240       0xf0 ./Drivers/STM32F4xx_HAL_Driver/Src/stm32f4xx_hal.o
 .debug_aranges
                0x0000000000000330      0x138 ./Drivers/STM32F4xx_HAL_Driver/Src/stm32f4xx_hal_can.o
 .debug_aranges
                0x0000000000000468      0x118 ./Drivers/STM32F4xx_HAL_Driver/Src/stm32f4xx_hal_cortex.o
 .debug_aranges
                0x0000000000000580       0x58 ./Drivers/STM32F4xx_HAL_Driver/Src/stm32f4xx_hal_gpio.o
 .debug_aranges
                0x00000000000005d8       0x88 ./Drivers/STM32F4xx_HAL_Driver/Src/stm32f4xx_hal_rcc.o
 .debug_aranges
                0x0000000000000660      0x200 ./Drivers/STM32F4xx_HAL_Driver/Src/stm32f4xx_hal_uart.o

.debug_ranges   0x0000000000000000      0x7c8
 .debug_ranges  0x0000000000000000       0x68 ./Core/Src/main.o
 .debug_ranges  0x0000000000000068       0x30 ./Core/Src/stm32f4xx_hal_msp.o
 .debug_ranges  0x0000000000000098       0x60 ./Core/Src/stm32f4xx_it.o
 .debug_ranges  0x00000000000000f8       0x98 ./Core/Src/syscalls.o
 .debug_ranges  0x0000000000000190       0x10 ./Core/Src/sysmem.o
 .debug_ranges  0x00000000000001a0       0x18 ./Core/Src/system_stm32f4xx.o
 .debug_ranges  0x00000000000001b8       0x20 ./Core/Startup/startup_stm32f405rgtx.o
 .debug_ranges  0x00000000000001d8       0xe0 ./Drivers/STM32F4xx_HAL_Driver/Src/stm32f4xx_hal.o
 .debug_ranges  0x00000000000002b8      0x128 ./Drivers/STM32F4xx_HAL_Driver/Src/stm32f4xx_hal_can.o
 .debug_ranges  0x00000000000003e0      0x108 ./Drivers/STM32F4xx_HAL_Driver/Src/stm32f4xx_hal_cortex.o
 .debug_ranges  0x00000000000004e8       0x48 ./Drivers/STM32F4xx_HAL_Driver/Src/stm32f4xx_hal_gpio.o
 .debug_ranges  0x0000000000000530       0x78 ./Drivers/STM32F4xx_HAL_Driver/Src/stm32f4xx_hal_rcc.o
 .debug_ranges  0x00000000000005a8      0x220 ./Drivers/STM32F4xx_HAL_Driver/Src/stm32f4xx_hal_uart.o

.debug_macro    0x0000000000000000    0x1f582
 .debug_macro   0x0000000000000000      0x368 ./Core/Src/main.o
 .debug_macro   0x0000000000000368      0xa78 ./Core/Src/main.o
 .debug_macro   0x0000000000000de0      0x29b ./Core/Src/main.o
 .debug_macro   0x000000000000107b       0x2e ./Core/Src/main.o
 .debug_macro   0x00000000000010a9       0x2f ./Core/Src/main.o
 .debug_macro   0x00000000000010d8       0x22 ./Core/Src/main.o
 .debug_macro   0x00000000000010fa       0x8e ./Core/Src/main.o
 .debug_macro   0x0000000000001188       0x51 ./Core/Src/main.o
 .debug_macro   0x00000000000011d9      0x103 ./Core/Src/main.o
 .debug_macro   0x00000000000012dc       0x6a ./Core/Src/main.o
 .debug_macro   0x0000000000001346      0x1df ./Core/Src/main.o
 .debug_macro   0x0000000000001525       0x1c ./Core/Src/main.o
 .debug_macro   0x0000000000001541       0x22 ./Core/Src/main.o
 .debug_macro   0x0000000000001563       0xd9 ./Core/Src/main.o
 .debug_macro   0x000000000000163c     0x102d ./Core/Src/main.o
 .debug_macro   0x0000000000002669      0x11f ./Core/Src/main.o
 .debug_macro   0x0000000000002788    0x1426d ./Core/Src/main.o
 .debug_macro   0x00000000000169f5       0x6d ./Core/Src/main.o
 .debug_macro   0x0000000000016a62     0x367e ./Core/Src/main.o
 .debug_macro   0x000000000001a0e0      0x174 ./Core/Src/main.o
 .debug_macro   0x000000000001a254       0x5c ./Core/Src/main.o
 .debug_macro   0x000000000001a2b0      0x8a7 ./Core/Src/main.o
 .debug_macro   0x000000000001ab57      0x9fe ./Core/Src/main.o
 .debug_macro   0x000000000001b555      0x115 ./Core/Src/main.o
 .debug_macro   0x000000000001b66a      0x130 ./Core/Src/main.o
 .debug_macro   0x000000000001b79a       0xa5 ./Core/Src/main.o
 .debug_macro   0x000000000001b83f      0x174 ./Core/Src/main.o
 .debug_macro   0x000000000001b9b3      0x287 ./Core/Src/main.o
 .debug_macro   0x000000000001bc3a       0x5f ./Core/Src/main.o
 .debug_macro   0x000000000001bc99      0x236 ./Core/Src/main.o
 .debug_macro   0x000000000001becf      0x40f ./Core/Src/main.o
 .debug_macro   0x000000000001c2de      0x12c ./Core/Src/main.o
 .debug_macro   0x000000000001c40a      0x21e ./Core/Src/main.o
 .debug_macro   0x000000000001c628       0x2e ./Core/Src/main.o
 .debug_macro   0x000000000001c656      0x11a ./Core/Src/main.o
 .debug_macro   0x000000000001c770       0x7e ./Core/Src/main.o
 .debug_macro   0x000000000001c7ee       0x89 ./Core/Src/main.o
 .debug_macro   0x000000000001c877      0x295 ./Core/Src/main.o
 .debug_macro   0x000000000001cb0c      0x12d ./Core/Src/main.o
 .debug_macro   0x000000000001cc39       0x34 ./Core/Src/main.o
 .debug_macro   0x000000000001cc6d       0x52 ./Core/Src/main.o
 .debug_macro   0x000000000001ccbf       0x1e ./Core/Src/main.o
 .debug_macro   0x000000000001ccdd       0x3c ./Core/Src/main.o
 .debug_macro   0x000000000001cd19       0x34 ./Core/Src/main.o
 .debug_macro   0x000000000001cd4d       0x16 ./Core/Src/main.o
 .debug_macro   0x000000000001cd63       0x35 ./Core/Src/main.o
 .debug_macro   0x000000000001cd98      0x341 ./Core/Src/main.o
 .debug_macro   0x000000000001d0d9       0x10 ./Core/Src/main.o
 .debug_macro   0x000000000001d0e9       0x16 ./Core/Src/main.o
 .debug_macro   0x000000000001d0ff       0x43 ./Core/Src/main.o
 .debug_macro   0x000000000001d142       0x34 ./Core/Src/main.o
 .debug_macro   0x000000000001d176       0x10 ./Core/Src/main.o
 .debug_macro   0x000000000001d186       0x58 ./Core/Src/main.o
 .debug_macro   0x000000000001d1de       0x71 ./Core/Src/main.o
 .debug_macro   0x000000000001d24f       0x1c ./Core/Src/main.o
 .debug_macro   0x000000000001d26b      0x12a ./Core/Src/main.o
 .debug_macro   0x000000000001d395       0x10 ./Core/Src/main.o
 .debug_macro   0x000000000001d3a5       0x1c ./Core/Src/main.o
 .debug_macro   0x000000000001d3c1       0x52 ./Core/Src/main.o
 .debug_macro   0x000000000001d413       0x22 ./Core/Src/main.o
 .debug_macro   0x000000000001d435       0x10 ./Core/Src/main.o
 .debug_macro   0x000000000001d445       0x52 ./Core/Src/main.o
 .debug_macro   0x000000000001d497       0xd5 ./Core/Src/main.o
 .debug_macro   0x000000000001d56c       0x1c ./Core/Src/main.o
 .debug_macro   0x000000000001d588       0x3d ./Core/Src/main.o
 .debug_macro   0x000000000001d5c5       0x16 ./Core/Src/main.o
 .debug_macro   0x000000000001d5db      0x145 ./Core/Src/main.o
 .debug_macro   0x000000000001d720       0x16 ./Core/Src/main.o
 .debug_macro   0x000000000001d736       0x20 ./Core/Src/main.o
 .debug_macro   0x000000000001d756      0x1d3 ./Core/Src/stm32f4xx_hal_msp.o
 .debug_macro   0x000000000001d929      0x1dd ./Core/Src/stm32f4xx_it.o
 .debug_macro   0x000000000001db06      0x24c ./Core/Src/syscalls.o
 .debug_macro   0x000000000001dd52       0x4c ./Core/Src/syscalls.o
 .debug_macro   0x000000000001dd9e       0x94 ./Core/Src/syscalls.o
 .debug_macro   0x000000000001de32       0x57 ./Core/Src/syscalls.o
 .debug_macro   0x000000000001de89       0x10 ./Core/Src/syscalls.o
 .debug_macro   0x000000000001de99       0x10 ./Core/Src/syscalls.o
 .debug_macro   0x000000000001dea9       0x10 ./Core/Src/syscalls.o
 .debug_macro   0x000000000001deb9       0x35 ./Core/Src/syscalls.o
 .debug_macro   0x000000000001deee      0x12c ./Core/Src/syscalls.o
 .debug_macro   0x000000000001e01a       0x16 ./Core/Src/syscalls.o
 .debug_macro   0x000000000001e030       0x16 ./Core/Src/syscalls.o
 .debug_macro   0x000000000001e046       0x29 ./Core/Src/syscalls.o
 .debug_macro   0x000000000001e06f       0x10 ./Core/Src/syscalls.o
 .debug_macro   0x000000000001e07f      0x241 ./Core/Src/syscalls.o
 .debug_macro   0x000000000001e2c0       0x1c ./Core/Src/syscalls.o
 .debug_macro   0x000000000001e2dc       0x10 ./Core/Src/syscalls.o
 .debug_macro   0x000000000001e2ec      0x189 ./Core/Src/syscalls.o
 .debug_macro   0x000000000001e475       0x16 ./Core/Src/syscalls.o
 .debug_macro   0x000000000001e48b       0xce ./Core/Src/syscalls.o
 .debug_macro   0x000000000001e559       0xff ./Core/Src/sysmem.o
 .debug_macro   0x000000000001e658      0x23b ./Core/Src/sysmem.o
 .debug_macro   0x000000000001e893      0x1c4 ./Core/Src/system_stm32f4xx.o
 .debug_macro   0x000000000001ea57      0x224 ./Drivers/STM32F4xx_HAL_Driver/Src/stm32f4xx_hal.o
 .debug_macro   0x000000000001ec7b      0x1cc ./Drivers/STM32F4xx_HAL_Driver/Src/stm32f4xx_hal_can.o
 .debug_macro   0x000000000001ee47      0x1c4 ./Drivers/STM32F4xx_HAL_Driver/Src/stm32f4xx_hal_cortex.o
 .debug_macro   0x000000000001f00b      0x1ca ./Drivers/STM32F4xx_HAL_Driver/Src/stm32f4xx_hal_gpio.o
 .debug_macro   0x000000000001f1d5      0x1e8 ./Drivers/STM32F4xx_HAL_Driver/Src/stm32f4xx_hal_rcc.o
 .debug_macro   0x000000000001f3bd      0x1c5 ./Drivers/STM32F4xx_HAL_Driver/Src/stm32f4xx_hal_uart.o

.debug_line     0x0000000000000000     0xb086
 .debug_line    0x0000000000000000      0xeb5 ./Core/Src/main.o
 .debug_line    0x0000000000000eb5      0x964 ./Core/Src/stm32f4xx_hal_msp.o
 .debug_line    0x0000000000001819      0x957 ./Core/Src/stm32f4xx_it.o
 .debug_line    0x0000000000002170      0xa9d ./Core/Src/syscalls.o
 .debug_line    0x0000000000002c0d      0x793 ./Core/Src/sysmem.o
 .debug_line    0x00000000000033a0      0x8e6 ./Core/Src/system_stm32f4xx.o
 .debug_line    0x0000000000003c86       0x88 ./Core/Startup/startup_stm32f405rgtx.o
 .debug_line    0x0000000000003d0e      0xb4c ./Drivers/STM32F4xx_HAL_Driver/Src/stm32f4xx_hal.o
 .debug_line    0x000000000000485a     0x12b8 ./Drivers/STM32F4xx_HAL_Driver/Src/stm32f4xx_hal_can.o
 .debug_line    0x0000000000005b12      0xdfb ./Drivers/STM32F4xx_HAL_Driver/Src/stm32f4xx_hal_cortex.o
 .debug_line    0x000000000000690d      0xcc0 ./Drivers/STM32F4xx_HAL_Driver/Src/stm32f4xx_hal_gpio.o
 .debug_line    0x00000000000075cd      0xec8 ./Drivers/STM32F4xx_HAL_Driver/Src/stm32f4xx_hal_rcc.o
 .debug_line    0x0000000000008495     0x2bf1 ./Drivers/STM32F4xx_HAL_Driver/Src/stm32f4xx_hal_uart.o

.debug_str      0x0000000000000000    0xbb98e
 .debug_str     0x0000000000000000    0xb83ce ./Core/Src/main.o
                                      0xb86ea (size before relaxing)
 .debug_str     0x00000000000b83ce      0x597 ./Core/Src/stm32f4xx_hal_msp.o
                                      0xb4978 (size before relaxing)
 .debug_str     0x00000000000b8965      0x104 ./Core/Src/stm32f4xx_it.o
                                      0xb3f6e (size before relaxing)
 .debug_str     0x00000000000b8a69     0x1740 ./Core/Src/syscalls.o
                                       0x8a5a (size before relaxing)
 .debug_str     0x00000000000ba1a9       0x6b ./Core/Src/sysmem.o
                                       0x5d96 (size before relaxing)
 .debug_str     0x00000000000ba214       0xdb ./Core/Src/system_stm32f4xx.o
                                      0xb3cff (size before relaxing)
 .debug_str     0x00000000000ba2ef       0x36 ./Core/Startup/startup_stm32f405rgtx.o
                                         0x58 (size before relaxing)
 .debug_str     0x00000000000ba325      0x608 ./Drivers/STM32F4xx_HAL_Driver/Src/stm32f4xx_hal.o
                                      0xb4862 (size before relaxing)
 .debug_str     0x00000000000ba92d      0x3bd ./Drivers/STM32F4xx_HAL_Driver/Src/stm32f4xx_hal_can.o
                                      0xb43eb (size before relaxing)
 .debug_str     0x00000000000bacea      0x32d ./Drivers/STM32F4xx_HAL_Driver/Src/stm32f4xx_hal_cortex.o
                                      0xb4595 (size before relaxing)
 .debug_str     0x00000000000bb017      0x10e ./Drivers/STM32F4xx_HAL_Driver/Src/stm32f4xx_hal_gpio.o
                                      0xb3e7a (size before relaxing)
 .debug_str     0x00000000000bb125      0x233 ./Drivers/STM32F4xx_HAL_Driver/Src/stm32f4xx_hal_rcc.o
                                      0xb4133 (size before relaxing)
 .debug_str     0x00000000000bb358      0x636 ./Drivers/STM32F4xx_HAL_Driver/Src/stm32f4xx_hal_uart.o
                                      0xb46d2 (size before relaxing)

.comment        0x0000000000000000       0x50
 .comment       0x0000000000000000       0x50 ./Core/Src/main.o
                                         0x51 (size before relaxing)
 .comment       0x0000000000000050       0x51 ./Core/Src/stm32f4xx_hal_msp.o
 .comment       0x0000000000000050       0x51 ./Core/Src/stm32f4xx_it.o
 .comment       0x0000000000000050       0x51 ./Core/Src/syscalls.o