../Core/Src/main.c:97:6:HAL_UART_RxCpltCallback	16	static
../Core/Src/main.c:112:5:main	8	static
../Core/Src/main.c:197:6:SystemClock_Config	88	static
../Core/Src/main.c:243:13:MX_USART1_UART_Init	8	static
../Core/Src/main.c:276:13:MX_GPIO_Init	40	static
../Core/Src/main.c:298:1:__io_putchar	16	static
../Core/Src/main.c:312:6:StartDefaultTask	24	static
../Core/Src/main.c:346:6:StartTask02	16	static
../Core/Src/main.c:373:6:StartTask03	16	static
../Core/Src/main.c:392:6:Error_Handler	4	static,ignoring_inline_asm
